Microchip MPLAB XC8 Compiler V3.00

Linker command line:

-W-3 \
  --edf=C:/Users/daizp/.mchp_packs/Microchip/PIC16Fxxx_DFP/1.7.162/xc8\pic\dat\20250326211330_en.msgs \
  -cn -h+dist/default/debug\juego.X.debug.sym \
  --cmf=dist/default/debug\juego.X.debug.cmf -z -Q16F887 \
  -oC:\Users\daizp\AppData\Local\Temp\xcAs77o.\driver_tmp_3.o \
  --defsym=__MPLAB_BUILD=1 --fixupoverflow=error \
  -Mdist/default/debug/juego.X.debug.map \
  --md=C:\Users\daizp\AppData\Local\Temp\xcAs77o.\driver_tmp_0.dat -E1 \
  -ver=XC8 Compiler -ACODE=00h-07FFhx4 -ASTRCODE=00h-01FFFh \
  -ASTRING=00h-0FFhx32 -ACONST=00h-0FFhx32 -AENTRY=00h-0FFhx32 \
  -ACOMMON=070h-07Fh -ABANK0=020h-06Fh -ABANK1=0A0h-0EFh \
  -ABANK2=0110h-016Fh -ABANK3=0190h-01EFh \
  -ARAM=020h-06Fh,0A0h-0EFh,0110h-016Fh,0190h-01EFh \
  -AABS1=020h-07Fh,0A0h-0EFh,0110h-016Fh,0190h-01EFh -ASFR0=00h-01Fh \
  -ASFR1=080h-09Fh -ASFR2=0100h-010Fh -ASFR3=0180h-018Fh \
  -ACONFIG=02007h-02008h -DCONFIG=2 -AIDLOC=02000h-02003h -DIDLOC=2 \
  -AEEDATA=00h-0FFh/02100h -peeprom_data=EEDATA -DEEDATA=2 -DCODE=2 \
  -DSTRCODE=2 -DSTRING=2 -DCONST=2 -DENTRY=2 \
  -preset_vec=00h,intentry,sivt,init,end_init -ppowerup=CODE -pcinit=CODE \
  -pfunctab=ENTRY -k \
  C:\Users\daizp\AppData\Local\Temp\xcAs77o.\driver_tmp_12.o \
  dist/default/debug\juego.X.debug.o 

Object code version is 3.11

Machine type is 16F887



                Name                               Link     Load   Length Selector   Space Scale
C:\Users\daizp\AppData\Local\Temp\xcAs77o.\driver_tmp_12.o
                end_init                              0        0        3        0       0
                config                             2007     2007        2        0       4
dist/default/debug\juego.X.debug.o
                cinit                               7E6      7E6       1A      FCC       0
                config                             2007     2007        2        0       4
                text22                              992      992        E     1324       0
                text21                              E12      E12       BA     1C24       0
                text20                              AC2      AC2       50     1584       0
                text19                              CB5      CB5       AC     196A       0
                text18                                8        8       92       10       0
                text17                              9B3      9B3       24     1366       0
                text16                              36B      36B      47B      6D6       0
                text15                              979      979        C     12F2       0
                text14                              9FB      9FB       27     13F6       0
                text13                              969      969        8     12D2       0
                text12                              A4C      A4C       30     1498       0
                text11                              9D7      9D7       24     13AE       0
                text10                              C2A      C2A       8B     1854       0
                text9                               A22      A22       2A     1444       0
                text8                               BBC      BBC       6E     1778       0
                text7                               B63      B63       59     16C6       0
                text6                               A7C      A7C       46     14F8       0
                text5                               B12      B12       51     1624       0
                text4                               D61      D61       B1     1AC2       0
                text3                               1E7      1E7      184      3CE       0
                text2                                9A       9A      14D      134       0
                text1                               985      985        D     130A       0
                maintext                            ECC      ECC      134     1D98       0
                cstackBANK0                          20       20       1E       20       1
                cstackCOMMON                         70       70        E       70       1
                clrtext                             971      971        8     12E2       0
                inittext                            9A0      9A0       13     1340       0
                dataBANK0                            59       59        7       20       1
                bssBANK0                             3E       3E       1B       20       1
                strings                             800      800       48     1000       0
                idataBANK0                          962      962        7     12C4       0

TOTAL           Name                               Link     Load   Length     Space
        CLASS   CODE           
                end_init                              0        0        3         0
                cinit                               7E6      7E6       1A         0
                text22                              992      992        E         0
                text21                              E12      E12       BA         0
                text20                              AC2      AC2       50         0
                text19                              CB5      CB5       AC         0
                text18                                8        8       92         0
                text17                              9B3      9B3       24         0
                text16                              36B      36B      47B         0
                text15                              979      979        C         0
                text14                              9FB      9FB       27         0
                text13                              969      969        8         0
                text12                              A4C      A4C       30         0
                text11                              9D7      9D7       24         0
                text10                              C2A      C2A       8B         0
                text9                               A22      A22       2A         0
                text8                               BBC      BBC       6E         0
                text7                               B63      B63       59         0
                text6                               A7C      A7C       46         0
                text5                               B12      B12       51         0
                text4                               D61      D61       B1         0
                text3                               1E7      1E7      184         0
                text2                                9A       9A      14D         0
                text1                               985      985        D         0
                maintext                            ECC      ECC      134         0
                clrtext                             971      971        8         0
                inittext                            9A0      9A0       13         0
                idataBANK0                          962      962        7         0

        CLASS   STRCODE        

        CLASS   STRING         
                strings                             800      800       48         0

        CLASS   CONST          

        CLASS   ENTRY          

        CLASS   COMMON         
                cstackCOMMON                         70       70        E         1

        CLASS   BANK0          
                cstackBANK0                          20       20       1E         1
                dataBANK0                            59       59        7         1
                bssBANK0                             3E       3E       1B         1

        CLASS   BANK1          

        CLASS   BANK2          

        CLASS   BANK3          

        CLASS   RAM            

        CLASS   ABS1           
                abs_s1                               7E       7E        2         1

        CLASS   SFR0           

        CLASS   SFR1           

        CLASS   SFR2           

        CLASS   SFR3           

        CLASS   CONFIG         
                config                             2007     2007        2         4

        CLASS   IDLOC          

        CLASS   EEDATA         

        CLASS   HEAP           

        CLASS   STACK          



SEGMENTS        Name                           Load    Length   Top    Selector   Space  Class     Delta

                reset_vec                      000000  000003  000003         0       0  CODE        2
                text18                         000008  000092  00009A        10       0  CODE        2
                cstackBANK0                    000020  000040  000060        20       1  BANK0       1
                cstackCOMMON                   000070  00000E  00007E        70       1  COMMON      1
                text2                          00009A  00014D  0001E7       134       0  CODE        2
                text3                          0001E7  000184  00036B       3CE       0  CODE        2
                text16                         00036B  00047B  0007E6       6D6       0  CODE        2
                cinit                          0007E6  00001A  000800       FCC       0  CODE        2
                strings                        000800  000048  000848      1000       0  STRING      2
                idataBANK0                     000962  000007  000969      12C4       0  CODE        2
                text13                         000969  000008  000971      12D2       0  CODE        2
                clrtext                        000971  000008  000979      12E2       0  CODE        2
                text15                         000979  00000C  000985      12F2       0  CODE        2
                text1                          000985  00000D  000992      130A       0  CODE        2
                text22                         000992  00000E  0009A0      1324       0  CODE        2
                inittext                       0009A0  000013  0009B3      1340       0  CODE        2
                text17                         0009B3  000024  0009D7      1366       0  CODE        2
                text11                         0009D7  000024  0009FB      13AE       0  CODE        2
                text14                         0009FB  000027  000A22      13F6       0  CODE        2
                text9                          000A22  00002A  000A4C      1444       0  CODE        2
                text12                         000A4C  000030  000A7C      1498       0  CODE        2
                text6                          000A7C  000046  000AC2      14F8       0  CODE        2
                text20                         000AC2  000050  000B12      1584       0  CODE        2
                text5                          000B12  000051  000B63      1624       0  CODE        2
                text7                          000B63  000059  000BBC      16C6       0  CODE        2
                text8                          000BBC  00006E  000C2A      1778       0  CODE        2
                text10                         000C2A  00008B  000CB5      1854       0  CODE        2
                text19                         000CB5  0000AC  000D61      196A       0  CODE        2
                text4                          000D61  0000B1  000E12      1AC2       0  CODE        2
                text21                         000E12  0000BA  000ECC      1C24       0  CODE        2
                maintext                       000ECC  000134  001000      1D98       0  CODE        2


UNUSED ADDRESS RANGES

        Name                Unused          Largest block    Delta
        BANK0            0060-006F             10           1
        BANK1            00A0-00EF             50           1
        BANK2            0110-016F             60           1
        BANK3            0190-01EF             60           1
        CODE             0003-0007              5           2
                         0848-0961            11A
                         1000-1FFF            800
        CONST            0003-0007              5           2
                         0848-0961             B8
                         1000-1FFF            100
        EEDATA           2100-21FF            100           2
        ENTRY            0003-0007              5           2
                         0848-0961             B8
                         1000-1FFF            100
        IDLOC            2000-2003              4           2
        RAM              0060-006F             10           1
                         00A0-00EF             50
                         0110-016F             60
                         0190-01EF             60
        SFR0             0000-001F             20           1
        SFR1             0080-009F             20           1
        SFR2             0100-010F             10           1
        SFR3             0180-018F             10           1
        STRCODE          0003-0007              5           2
                         0848-0961            11A
                         1000-1FFF           1000
        STRING           0003-0007              5           2
                         0848-0961             B8
                         1000-1FFF            100

                                  Symbol Table

?_ADC_Read               cstackCOMMON 0070
?___awmod                cstackBANK0  0026
?___lmul                 cstackCOMMON 0070
?_rand                   cstackBANK0  0020
ADC_Read@channel         cstackCOMMON 0074
LCD_Init@cmd             cstackCOMMON 007D
LCD_Init@display         cstackCOMMON 0076
LCD_Out@c                cstackCOMMON 0072
LCD_Write@c              cstackCOMMON 0075
LCD_cg_ram_addr@addr     cstackCOMMON 007A
LCD_custom_char@i        cstackBANK0  0021
LCD_custom_char@pos      cstackBANK0  0020
LCD_custom_char@x        cstackCOMMON 007B
LCD_putc@c               cstackCOMMON 0075
LCD_putrs@a              cstackCOMMON 0076
LCD_putrs@i              cstackCOMMON 0077
LCD_ram_write@data       cstackCOMMON 0076
_ADCON0                  (abs)        001F
_ADCON1                  (abs)        009F
_ADC_Init                text22       0992
_ADC_Read                text9        0A22
_ADRESH                  (abs)        001E
_ADRESL                  (abs)        009E
_ANSEL                   (abs)        0188
_ANSELH                  (abs)        0189
_GO_nDONE                (abs)        00F9
_LCD_Init                text19       0CB5
_LCD_Out                 text21       0E12
_LCD_Write               text20       0AC2
_LCD_cg_ram_addr         text14       09FB
_LCD_custom_char         text12       0A4C
_LCD_putc                text18       0008
_LCD_putrs               text17       09B3
_LCD_ram_write           text13       0969
_PORTA                   (abs)        0005
_PORTAbits               (abs)        0005
_PORTB                   (abs)        0006
_PORTC                   (abs)        0007
_TRISA                   (abs)        0085
_TRISAbits               (abs)        0085
_TRISB                   (abs)        0086
_TRISC                   (abs)        0087
__H__absolute__          __absolute__ 0000
__Habs1                  abs1         0000
__Hbank0                 bank0        0000
__Hbank1                 bank1        0000
__Hbank2                 bank2        0000
__Hbank3                 bank3        0000
__HbssBANK0              bssBANK0     0000
__Hcinit                 cinit        0800
__Hclrtext               clrtext      0000
__Hcode                  code         0000
__Hcommon                common       0000
__Hconfig                config       2009
__HcstackBANK0           cstackBANK0  0000
__HcstackCOMMON          cstackCOMMON 0000
__HdataBANK0             dataBANK0    0000
__Heeprom_data           eeprom_data  0000
__Hend_init              end_init     0003
__Hfunctab               functab      0000
__Hheap                  heap         0000
__HidataBANK0            idataBANK0   0000
__Hinit                  init         0000
__Hinittext              inittext     0000
__Hintentry              intentry     0000
__Hmaintext              maintext     0000
__Hpowerup               powerup      0000
__Hram                   ram          0000
__Hreset_vec             reset_vec    0000
__Hsfr0                  sfr0         0000
__Hsfr1                  sfr1         0000
__Hsfr2                  sfr2         0000
__Hsfr3                  sfr3         0000
__Hsivt                  sivt         0000
__Hspace_0               (abs)        1000
__Hspace_1               (abs)        007E
__Hspace_2               (abs)        0000
__Hspace_3               (abs)        0000
__Hspace_4               (abs)        4010
__Hstack                 stack        0000
__Hstrings               strings      0000
__Htext                  text         0000
__L__absolute__          __absolute__ 0000
__Labs1                  abs1         0000
__Lbank0                 bank0        0000
__Lbank1                 bank1        0000
__Lbank2                 bank2        0000
__Lbank3                 bank3        0000
__LbssBANK0              bssBANK0     0000
__Lcinit                 cinit        07E6
__Lclrtext               clrtext      0000
__Lcode                  code         0000
__Lcommon                common       0000
__Lconfig                config       0000
__LcstackBANK0           cstackBANK0  0000
__LcstackCOMMON          cstackCOMMON 0000
__LdataBANK0             dataBANK0    0000
__Leeprom_data           eeprom_data  0000
__Lend_init              end_init     0000
__Lfunctab               functab      0000
__Lheap                  heap         0000
__LidataBANK0            idataBANK0   0000
__Linit                  init         0000
__Linittext              inittext     0000
__Lintentry              intentry     0000
__Lmaintext              maintext     0000
__Lpowerup               powerup      0000
__Lram                   ram          0000
__Lreset_vec             reset_vec    0000
__Lsfr0                  sfr0         0000
__Lsfr1                  sfr1         0000
__Lsfr2                  sfr2         0000
__Lsfr3                  sfr3         0000
__Lsivt                  sivt         0000
__Lspace_0               (abs)        0000
__Lspace_1               (abs)        0000
__Lspace_2               (abs)        0000
__Lspace_3               (abs)        0000
__Lspace_4               (abs)        0000
__Lstack                 stack        0000
__Lstrings               strings      0000
__Ltext                  text         0000
__S0                     (abs)        1000
__S1                     (abs)        007E
__S3                     (abs)        0000
___awmod                 text7        0B63
___awmod@counter         cstackBANK0  002A
___awmod@dividend        cstackBANK0  0028
___awmod@divisor         cstackBANK0  0026
___awmod@sign            cstackBANK0  002B
___heap_hi               (abs)        0000
___heap_lo               (abs)        0000
___int_sp                stack        0000
___int_stack_hi          stack        0000
___int_stack_lo          stack        0000
___latbits               (abs)        0002
___lmul                  text6        0A7C
___lmul@multiplicand     cstackCOMMON 0074
___lmul@multiplier       cstackCOMMON 0070
___lmul@product          cstackCOMMON 0079
___sp                    stack        0000
___stack_hi              stack        0000
___stack_lo              stack        0000
___stackhi               (abs)        0000
___stacklo               (abs)        0000
__end_of_ADC_Init        text22       09A0
__end_of_ADC_Read        text9        0A4C
__end_of_LCD_Init        text19       0D61
__end_of_LCD_Out         text21       0ECC
__end_of_LCD_Write       text20       0B12
__end_of_LCD_cg_ram_addr text14       0A22
__end_of_LCD_custom_char text12       0A7C
__end_of_LCD_putc        text18       009A
__end_of_LCD_putrs       text17       09D7
__end_of_LCD_ram_write   text13       0971
__end_of___awmod         text7        0BBC
__end_of___lmul          text6        0AC2
__end_of__initialization cinit        07FC
__end_of__stringtab      strings      0806
__end_of_arbol           strings      081E
__end_of_bob             strings      0846
__end_of_bob_reves       strings      0826
__end_of_casa1           strings      0836
__end_of_casa2           strings      082E
__end_of_checar_boton    text15       0985
__end_of_dibujar_fondo   text8        0C2A
__end_of_dibujar_suelo   text11       09FB
__end_of_disparar        text16       07E6
__end_of_flor            strings      080E
__end_of_generar_fondo   text4        0E12
__end_of_main            maintext     1000
__end_of_mover_nubes     text10       0CB5
__end_of_nube            strings      0816
__end_of_pot_x           text3        036B
__end_of_pot_y           text2        01E7
__end_of_rand            text5        0B63
__end_of_srand           text1        0992
__end_of_suelo           strings      083E
__initialization         cinit        07E6
__pbssBANK0              bssBANK0     003E
__pcstackBANK0           cstackBANK0  0020
__pcstackCOMMON          cstackCOMMON 0070
__pdataBANK0             dataBANK0    0059
__pidataBANK0            idataBANK0   0962
__pmaintext              maintext     0ECC
__pstrings               strings      0800
__ptext1                 text1        0985
__ptext10                text10       0C2A
__ptext11                text11       09D7
__ptext12                text12       0A4C
__ptext13                text13       0969
__ptext14                text14       09FB
__ptext15                text15       0979
__ptext16                text16       036B
__ptext17                text17       09B3
__ptext18                text18       0008
__ptext19                text19       0CB5
__ptext2                 text2        009A
__ptext20                text20       0AC2
__ptext21                text21       0E12
__ptext22                text22       0992
__ptext3                 text3        01E7
__ptext4                 text4        0D61
__ptext5                 text5        0B12
__ptext6                 text6        0A7C
__ptext7                 text7        0B63
__ptext8                 text8        0BBC
__ptext9                 text9        0A22
__stringbase             strings      0805
__stringtab              strings      0800
_arbol                   strings      0816
_bob                     strings      083E
_bob_reves               strings      081E
_casa1                   strings      082E
_casa2                   strings      0826
_checar_boton            text15       0979
_dibujar_fondo           text8        0BBC
_dibujar_suelo           text11       09D7
_disparar                text16       036B
_flor                    strings      0806
_fondo                   bssBANK0     003E
_generar_fondo           text4        0D61
_lcd                     dataBANK0    0059
_main                    maintext     0ECC
_mover_nubes             text10       0C2A
_mover_nubes$220         cstackBANK0  0020
_nube                    strings      080E
_nubes                   bssBANK0     0052
_pos_x                   dataBANK0    005F
_pos_y                   dataBANK0    005E
_pot_x                   text3        01E7
_pot_x$211               cstackBANK0  0036
_pot_x$212               cstackBANK0  0038
_pot_y                   text2        009A
_rand                    text5        0B12
_seed                    bssBANK0     0055
_srand                   text1        0985
_suelo                   strings      0836
btemp                    (abs)        007E
clear_ram0               clrtext      0971
dibujar_fondo@i          cstackCOMMON 007B
dibujar_fondo@i_233      cstackCOMMON 007A
dibujar_suelo@i          cstackCOMMON 007D
disparar@moved           cstackCOMMON 0079
disparar@offset          cstackCOMMON 007A
end_of_initialization    cinit        07FC
generar_fondo@i          cstackBANK0  0032
generar_fondo@i_223      cstackBANK0  002F
generar_fondo@i_225      cstackBANK0  0030
generar_fondo@i_227      cstackBANK0  0031
generar_fondo@i_229      cstackBANK0  0033
generar_fondo@p          cstackBANK0  002C
generar_fondo@p_226      cstackBANK0  002D
generar_fondo@p_228      cstackBANK0  002E
init_fetch0              inittext     09A0
init_ram0                inittext     09A4
intlevel0                functab      0000
intlevel1                functab      0000
intlevel2                functab      0000
intlevel3                functab      0000
intlevel4                functab      0000
intlevel5                functab      0000
mover_nubes@i            cstackBANK0  0022
pot_x@adc_x              cstackBANK0  003A
pot_x@prev_x             cstackBANK0  003C
pot_y@adc_y              cstackCOMMON 007B
reset_vec                reset_vec    0000
srand@s                  cstackCOMMON 0070
start                    init         0000
start_initialization     cinit        07E6
wtemp0                   (abs)        007E


MODULE INFORMATION

Module		Function		Class		Link	Load	Size
C:\Program Files\Microchip\xc8\v3.00\pic\sources\c99\common\rand.c
		_srand         		CODE           	0985	0000	13
		_rand          		CODE           	0B12	0000	81

C:\Program Files\Microchip\xc8\v3.00\pic\sources\c99\common\rand.c estimated size: 94

C:\Program Files\Microchip\xc8\v3.00\pic\sources\c99\common\awmod.c
		___awmod       		CODE           	0B63	0000	89

C:\Program Files\Microchip\xc8\v3.00\pic\sources\c99\common\awmod.c estimated size: 89

C:\Program Files\Microchip\xc8\v3.00\pic\sources\c99\common\Umul32.c
		___lmul        		CODE           	0A7C	0000	70

C:\Program Files\Microchip\xc8\v3.00\pic\sources\c99\common\Umul32.c estimated size: 70

shared
		_flor          		STRING         	0806	0000	8
		_casa2         		STRING         	0826	0000	8
		__stringtab    		STRING         	0800	0000	6
		_bob_reves     		STRING         	081E	0000	8
		__initialization		CODE           	07E6	0000	22
		_suelo         		STRING         	0836	0000	8
		_nube          		STRING         	080E	0000	8
		_bob           		STRING         	083E	0000	8
		_arbol         		STRING         	0816	0000	8
		_casa1         		STRING         	082E	0000	8

shared estimated size: 92

lcd.c
		_LCD_Init      		CODE           	0CB5	0000	172
		_LCD_Out       		CODE           	0E12	0000	186
		_LCD_ram_write 		CODE           	0969	0000	8
		_LCD_putc      		CODE           	0008	0000	146
		_LCD_putrs     		CODE           	09B3	0000	36
		_LCD_cg_ram_addr		CODE           	09FB	0000	39
		_LCD_Write     		CODE           	0AC2	0000	80

lcd.c estimated size: 667

main.c
		_main          		CODE           	0ECC	0000	308
		_generar_fondo 		CODE           	0D61	0000	177
		_LCD_custom_char		CODE           	0A4C	0000	48
		_mover_nubes   		CODE           	0C2A	0000	139
		_pot_x         		CODE           	01E7	0000	388
		_checar_boton  		CODE           	0979	0000	12
		_disparar      		CODE           	036B	0000	1147
		_pot_y         		CODE           	009A	0000	333
		_dibujar_fondo 		CODE           	0BBC	0000	110
		_dibujar_suelo 		CODE           	09D7	0000	36
		_ADC_Read      		CODE           	0A22	0000	42
		_ADC_Init      		CODE           	0992	0000	14

main.c estimated size: 2754

