Microchip MPLAB XC8 Compiler V3.00

Linker command line:

-W-3 \
  --edf=C:/Users/daizp/.mchp_packs/Microchip/PIC16Fxxx_DFP/1.7.162/xc8\pic\dat\20250326211330_en.msgs \
  -cn -h+dist/default/production\variasEntradasAnalogicas.X.production.sym \
  --cmf=dist/default/production\variasEntradasAnalogicas.X.production.cmf \
  -z -Q16F887 -oC:\Users\daizp\AppData\Local\Temp\xcAsv4s.\driver_tmp_3.o \
  --defsym=__MPLAB_BUILD=1 --fixupoverflow=error \
  -Mdist/default/production/variasEntradasAnalogicas.X.production.map \
  --md=C:\Users\daizp\AppData\Local\Temp\xcAsv4s.\driver_tmp_0.dat -E1 \
  -ver=XC8 Compiler -ACODE=00h-07FFhx4 -ASTRCODE=00h-01FFFh \
  -ASTRING=00h-0FFhx32 -ACONST=00h-0FFhx32 -AENTRY=00h-0FFhx32 \
  -ACOMMON=070h-07Fh -ABANK0=020h-06Fh -ABANK1=0A0h-0EFh \
  -ABANK2=0110h-016Fh -ABANK3=0190h-01EFh \
  -ARAM=020h-06Fh,0A0h-0EFh,0110h-016Fh,0190h-01EFh \
  -AABS1=020h-07Fh,0A0h-0EFh,0110h-016Fh,0190h-01EFh -ASFR0=00h-01Fh \
  -ASFR1=080h-09Fh -ASFR2=0100h-010Fh -ASFR3=0180h-018Fh \
  -ACONFIG=02007h-02008h -DCONFIG=2 -AIDLOC=02000h-02003h -DIDLOC=2 \
  -AEEDATA=00h-0FFh/02100h -peeprom_data=EEDATA -DEEDATA=2 -DCODE=2 \
  -DSTRCODE=2 -DSTRING=2 -DCONST=2 -DENTRY=2 \
  -preset_vec=00h,intentry,sivt,init,end_init -ppowerup=CODE -pcinit=CODE \
  -pfunctab=ENTRY -k \
  C:\Users\daizp\AppData\Local\Temp\xcAsv4s.\driver_tmp_17.o \
  dist/default/production\variasEntradasAnalogicas.X.production.o 

Object code version is 3.11

Machine type is 16F887



                Name                               Link     Load   Length Selector   Space Scale
C:\Users\daizp\AppData\Local\Temp\xcAsv4s.\driver_tmp_17.o
                end_init                              0        0        3        0       0
                config                             2007     2007        2        0       4
dist/default/production\variasEntradasAnalogicas.X.production.o
                cinit                               7CE      7CE       32      F9C       0
                config                             2007     2007        2        0       4
                text16                               9A       9A        E      134       0
                text15                               F0       F0       2A      1E0       0
                text14                              4DC      4DC       BA      9B8       0
                text13                              21C      21C       55      438       0
                text12                              436      436       A6      86C       0
                text11                              271      271       92      4E2       0
                text10                              152      152       42      2A4       0
                text9                               303      303       99      606       0
                text8                               1D6      1D6       46      3AC       0
                text7                               194      194       42      328       0
                text6                               11A      11A       38      234       0
                text5                                8C       8C        1      118       0
                text4                               39C      39C       9A      738       0
                text3                               596      596       C8      B2C       0
                text2                                CB       CB       25      196       0
                text1                                A8       A8       23      150       0
                maintext                            65E      65E      170      CBC       0
                cstackBANK0                          20       20       4D       20       1
                cstackCOMMON                         70       70        E       70       1
                clrtext                              92       92        8      124       0
                dataBANK1                            C2       C2        5       A0       1
                bssBANK1                             A0       A0       22       A0       1
                bssBANK0                             6D       6D        3       20       1
                strings                               3        3       2E        6       0
                idataBANK1                           8D       8D        5      11A       0

TOTAL           Name                               Link     Load   Length     Space
        CLASS   CODE           
                end_init                              0        0        3         0
                cinit                               7CE      7CE       32         0
                text16                               9A       9A        E         0
                text15                               F0       F0       2A         0
                text14                              4DC      4DC       BA         0
                text13                              21C      21C       55         0
                text12                              436      436       A6         0
                text11                              271      271       92         0
                text10                              152      152       42         0
                text9                               303      303       99         0
                text8                               1D6      1D6       46         0
                text7                               194      194       42         0
                text6                               11A      11A       38         0
                text5                                8C       8C        1         0
                text4                               39C      39C       9A         0
                text3                               596      596       C8         0
                text2                                CB       CB       25         0
                text1                                A8       A8       23         0
                maintext                            65E      65E      170         0
                clrtext                              92       92        8         0
                idataBANK1                           8D       8D        5         0

        CLASS   STRCODE        

        CLASS   STRING         
                strings                               3        3       2E         0

        CLASS   CONST          

        CLASS   ENTRY          

        CLASS   COMMON         
                cstackCOMMON                         70       70        E         1

        CLASS   BANK0          
                cstackBANK0                          20       20       4D         1
                bssBANK0                             6D       6D        3         1

        CLASS   BANK1          
                dataBANK1                            C2       C2        5         1
                bssBANK1                             A0       A0       22         1

        CLASS   BANK2          

        CLASS   BANK3          

        CLASS   RAM            

        CLASS   ABS1           
                abs_s1                               7E       7E        2         1

        CLASS   SFR0           

        CLASS   SFR1           

        CLASS   SFR2           

        CLASS   SFR3           

        CLASS   CONFIG         
                config                             2007     2007        2         4

        CLASS   IDLOC          

        CLASS   EEDATA         

        CLASS   HEAP           

        CLASS   STACK          



SEGMENTS        Name                           Load    Length   Top    Selector   Space  Class     Delta

                reset_vec                      000000  000003  000003         0       0  CODE        2
                strings                        000003  00002E  000031         6       0  STRING      2
                cstackBANK0                    000020  000050  000070        20       1  BANK0       1
                cstackCOMMON                   000070  00000E  00007E        70       1  COMMON      1
                bssBANK1                       0000A0  000027  0000C7        A0       1  BANK1       1
                text5                          00008C  000001  00008D       118       0  CODE        2
                idataBANK1                     00008D  000005  000092       11A       0  CODE        2
                clrtext                        000092  000008  00009A       124       0  CODE        2
                text16                         00009A  00000E  0000A8       134       0  CODE        2
                text1                          0000A8  000023  0000CB       150       0  CODE        2
                text2                          0000CB  000025  0000F0       196       0  CODE        2
                text15                         0000F0  00002A  00011A       1E0       0  CODE        2
                text6                          00011A  000038  000152       234       0  CODE        2
                text10                         000152  000042  000194       2A4       0  CODE        2
                text7                          000194  000042  0001D6       328       0  CODE        2
                text8                          0001D6  000046  00021C       3AC       0  CODE        2
                text13                         00021C  000055  000271       438       0  CODE        2
                text11                         000271  000092  000303       4E2       0  CODE        2
                text9                          000303  000099  00039C       606       0  CODE        2
                text4                          00039C  00009A  000436       738       0  CODE        2
                text12                         000436  0000A6  0004DC       86C       0  CODE        2
                text14                         0004DC  0000BA  000596       9B8       0  CODE        2
                text3                          000596  0000C8  00065E       B2C       0  CODE        2
                maintext                       00065E  000170  0007CE       CBC       0  CODE        2
                cinit                          0007CE  000032  000800       F9C       0  CODE        2


UNUSED ADDRESS RANGES

        Name                Unused          Largest block    Delta
        BANK1            00C7-00EF             29           1
        BANK2            0110-016F             60           1
        BANK3            0190-01EF             60           1
        CODE             0031-008B             5B           2
                         0800-1FFF            800
        CONST            0031-008B             5B           2
                         0800-1FFF            100
        EEDATA           2100-21FF            100           2
        ENTRY            0031-008B             5B           2
                         0800-1FFF            100
        IDLOC            2000-2003              4           2
        RAM              00C7-00EF             29           1
                         0110-016F             60
                         0190-01EF             60
        SFR0             0000-001F             20           1
        SFR1             0080-009F             20           1
        SFR2             0100-010F             10           1
        SFR3             0180-018F             10           1
        STRCODE          0031-008B             5B           2
                         0800-1FFF           1800
        STRING           0031-008B             5B           2
                         0800-1FFF            100

                                  Symbol Table

?_ADC_read               cstackCOMMON 0070
?___aldiv                cstackBANK0  0020
?___lmul                 cstackCOMMON 0070
?___lwdiv                cstackCOMMON 0070
?___lwmod                cstackCOMMON 0070
?_sprintf                cstackBANK0  0030
?_vfprintf               cstackBANK0  002C
ADC_read@channel         cstackCOMMON 0074
LCD_Init@cmd             cstackCOMMON 007D
LCD_Init@display         cstackCOMMON 0076
LCD_Out@c                cstackCOMMON 0072
LCD_Write@c              cstackCOMMON 0075
LCD_putc@c               cstackCOMMON 0075
LCD_putrs@a              cstackCOMMON 0076
LCD_putrs@i              cstackCOMMON 007B
_ADCON0                  (abs)        001F
_ADCON1                  (abs)        009F
_ADC_init                text16       009A
_ADC_read                text15       00F0
_ADRESH                  (abs)        001E
_ADRESL                  (abs)        009E
_ANSEL                   (abs)        0188
_ANSELH                  (abs)        0189
_GO_nDONE                (abs)        00F9
_LCD_Init                text12       0436
_LCD_Out                 text14       04DC
_LCD_Write               text13       021C
_LCD_putc                text11       0271
_LCD_putrs               text10       0152
_PORTA                   (abs)        0005
_PORTB                   (abs)        0006
_PORTC                   (abs)        0007
_TRISA                   (abs)        0085
_TRISB                   (abs)        0086
_TRISC                   (abs)        0087
__H__absolute__          __absolute__ 0000
__Habs1                  abs1         0000
__Hbank0                 bank0        0000
__Hbank1                 bank1        0000
__Hbank2                 bank2        0000
__Hbank3                 bank3        0000
__HbssBANK0              bssBANK0     0000
__HbssBANK1              bssBANK1     0000
__Hcinit                 cinit        0800
__Hclrtext               clrtext      0000
__Hcode                  code         0000
__Hcommon                common       0000
__Hconfig                config       2009
__HcstackBANK0           cstackBANK0  0000
__HcstackCOMMON          cstackCOMMON 0000
__HdataBANK1             dataBANK1    0000
__Heeprom_data           eeprom_data  0000
__Hend_init              end_init     0003
__Hfunctab               functab      0000
__Hheap                  heap         0000
__HidataBANK1            idataBANK1   0000
__Hinit                  init         0000
__Hintentry              intentry     0000
__Hmaintext              maintext     0000
__Hpowerup               powerup      0000
__Hram                   ram          0000
__Hreset_vec             reset_vec    0000
__Hsfr0                  sfr0         0000
__Hsfr1                  sfr1         0000
__Hsfr2                  sfr2         0000
__Hsfr3                  sfr3         0000
__Hsivt                  sivt         0000
__Hspace_0               (abs)        0800
__Hspace_1               (abs)        00C7
__Hspace_2               (abs)        0000
__Hspace_3               (abs)        0000
__Hspace_4               (abs)        4010
__Hstack                 stack        0000
__Hstrings               strings      0000
__Htext                  text         0000
__L__absolute__          __absolute__ 0000
__Labs1                  abs1         0000
__Lbank0                 bank0        0000
__Lbank1                 bank1        0000
__Lbank2                 bank2        0000
__Lbank3                 bank3        0000
__LbssBANK0              bssBANK0     0000
__LbssBANK1              bssBANK1     0000
__Lcinit                 cinit        07CE
__Lclrtext               clrtext      0000
__Lcode                  code         0000
__Lcommon                common       0000
__Lconfig                config       0000
__LcstackBANK0           cstackBANK0  0000
__LcstackCOMMON          cstackCOMMON 0000
__LdataBANK1             dataBANK1    0000
__Leeprom_data           eeprom_data  0000
__Lend_init              end_init     0000
__Lfunctab               functab      0000
__Lheap                  heap         0000
__LidataBANK1            idataBANK1   0000
__Linit                  init         0000
__Lintentry              intentry     0000
__Lmaintext              maintext     0000
__Lpowerup               powerup      0000
__Lram                   ram          0000
__Lreset_vec             reset_vec    0000
__Lsfr0                  sfr0         0000
__Lsfr1                  sfr1         0000
__Lsfr2                  sfr2         0000
__Lsfr3                  sfr3         0000
__Lsivt                  sivt         0000
__Lspace_0               (abs)        0000
__Lspace_1               (abs)        0000
__Lspace_2               (abs)        0000
__Lspace_3               (abs)        0000
__Lspace_4               (abs)        0000
__Lstack                 stack        0000
__Lstrings               strings      0000
__Ltext                  text         0000
__S0                     (abs)        0800
__S1                     (abs)        00C7
__S3                     (abs)        0000
___aldiv                 text9        0303
___aldiv@counter         cstackBANK0  0028
___aldiv@dividend        cstackBANK0  0024
___aldiv@divisor         cstackBANK0  0020
___aldiv@quotient        cstackBANK0  002A
___aldiv@sign            cstackBANK0  0029
___heap_hi               (abs)        0000
___heap_lo               (abs)        0000
___int_sp                stack        0000
___int_stack_hi          stack        0000
___int_stack_lo          stack        0000
___latbits               (abs)        0002
___lmul                  text8        01D6
___lmul@multiplicand     cstackCOMMON 0074
___lmul@multiplier       cstackCOMMON 0070
___lmul@product          cstackCOMMON 0079
___lwdiv                 text7        0194
___lwdiv@counter         cstackCOMMON 0076
___lwdiv@dividend        cstackCOMMON 0072
___lwdiv@divisor         cstackCOMMON 0070
___lwdiv@quotient        cstackCOMMON 0074
___lwmod                 text6        011A
___lwmod@counter         cstackCOMMON 0074
___lwmod@dividend        cstackCOMMON 0072
___lwmod@divisor         cstackCOMMON 0070
___sp                    stack        0000
___stack_hi              stack        0000
___stack_lo              stack        0000
___stackhi               (abs)        0000
___stacklo               (abs)        0000
__end_of_ADC_init        text16       00A8
__end_of_ADC_read        text15       011A
__end_of_LCD_Init        text12       04DC
__end_of_LCD_Out         text14       0596
__end_of_LCD_Write       text13       0271
__end_of_LCD_putc        text11       0303
__end_of_LCD_putrs       text10       0194
__end_of___aldiv         text9        039C
__end_of___lmul          text8        021C
__end_of___lwdiv         text7        01D6
__end_of___lwmod         text6        0152
__end_of__initialization cinit        07FC
__end_of__stringtab      strings      0013
__end_of_fputc           text4        0436
__end_of_main            maintext     07CE
__end_of_putch           text5        008D
__end_of_sprintf         text1        00CB
__end_of_vfpfcnvrt       text3        065E
__end_of_vfprintf        text2        00F0
__initialization         cinit        07CE
__pbssBANK0              bssBANK0     006D
__pbssBANK1              bssBANK1     00A0
__pcstackBANK0           cstackBANK0  0020
__pcstackCOMMON          cstackCOMMON 0070
__pdataBANK1             dataBANK1    00C2
__pidataBANK1            idataBANK1   008D
__pmaintext              maintext     065E
__pstrings               strings      0003
__ptext1                 text1        00A8
__ptext10                text10       0152
__ptext11                text11       0271
__ptext12                text12       0436
__ptext13                text13       021C
__ptext14                text14       04DC
__ptext15                text15       00F0
__ptext16                text16       009A
__ptext2                 text2        00CB
__ptext3                 text3        0596
__ptext4                 text4        039C
__ptext5                 text5        008C
__ptext6                 text6        011A
__ptext7                 text7        0194
__ptext8                 text8        01D6
__ptext9                 text9        0303
__stringbase             strings      0012
__stringtab              strings      0003
_dbuf                    bssBANK1     00A0
_flags                   bssBANK0     006F
_fputc                   text4        039C
_lcd                     dataBANK1    00C2
_main                    maintext     065E
_prec                    bssBANK0     006D
_putch                   text5        008C
_sprintf                 text1        00A8
_vfpfcnvrt               text3        0596
_vfprintf                text2        00CB
_width                   bssBANK1     00C0
btemp                    (abs)        007E
clear_ram0               clrtext      0092
end_of_initialization    cinit        07FC
fputc@c                  cstackCOMMON 0070
fputc@fp                 cstackCOMMON 0072
intlevel0                functab      0000
intlevel1                functab      0000
intlevel2                functab      0000
intlevel3                functab      0000
intlevel4                functab      0000
intlevel5                functab      0000
main@adc_result1         cstackBANK0  005D
main@adc_result2         cstackBANK0  0063
main@buffer1             cstackBANK0  0049
main@buffer2             cstackBANK0  0053
main@dec1                cstackBANK0  0061
main@dec2                cstackBANK0  0067
main@ent1                cstackBANK0  005F
main@ent2                cstackBANK0  0065
main@volt1               cstackBANK0  0069
main@volt2               cstackBANK0  006B
reset_vec                reset_vec    0000
sprintf@ap               cstackBANK0  0037
sprintf@f                cstackBANK0  0038
sprintf@fmt              cstackBANK0  0031
sprintf@s                cstackBANK0  0030
start                    init         0000
start_initialization     cinit        07CE
vfpfcnvrt@ap             cstackBANK0  0023
vfpfcnvrt@c              cstackBANK0  002B
vfpfcnvrt@convarg        cstackBANK0  0026
vfpfcnvrt@cp             cstackBANK0  002A
vfpfcnvrt@fmt            cstackBANK0  0022
vfpfcnvrt@fp             cstackBANK0  0020
vfprintf@ap              cstackBANK0  002F
vfprintf@cfmt            cstackCOMMON 007D
vfprintf@fmt             cstackBANK0  002E
vfprintf@fp              cstackBANK0  002C
wtemp0                   (abs)        007E


MODULE INFORMATION

Module		Function		Class		Link	Load	Size
C:\Program Files\Microchip\xc8\v3.00\pic\sources\c99\common\nf_fputc.c
		_fputc         		CODE           	039C	0000	154

C:\Program Files\Microchip\xc8\v3.00\pic\sources\c99\common\nf_fputc.c estimated size: 154

C:\Program Files\Microchip\xc8\v3.00\pic\sources\c99\common\nf_sprintf.c
		_sprintf       		CODE           	00A8	0000	35

C:\Program Files\Microchip\xc8\v3.00\pic\sources\c99\common\nf_sprintf.c estimated size: 35

C:\Program Files\Microchip\xc8\v3.00\pic\sources\c99\common\lwmod.c
		___lwmod       		CODE           	011A	0000	56

C:\Program Files\Microchip\xc8\v3.00\pic\sources\c99\common\lwmod.c estimated size: 56

C:\Program Files\Microchip\xc8\v3.00\pic\sources\c99\common\putch.c
		_putch         		CODE           	008C	0000	1

C:\Program Files\Microchip\xc8\v3.00\pic\sources\c99\common\putch.c estimated size: 1

C:\Program Files\Microchip\xc8\v3.00\pic\sources\c99\common\Umul32.c
		___lmul        		CODE           	01D6	0000	70

C:\Program Files\Microchip\xc8\v3.00\pic\sources\c99\common\Umul32.c estimated size: 70

shared
		__stringtab    		STRING         	0003	0000	16
		__initialization		CODE           	07CE	0000	46

shared estimated size: 62

lcd.c
		_LCD_Init      		CODE           	0436	0000	166
		_LCD_Out       		CODE           	04DC	0000	186
		_LCD_putc      		CODE           	0271	0000	146
		_LCD_putrs     		CODE           	0152	0000	66
		_LCD_Write     		CODE           	021C	0000	85

lcd.c estimated size: 649

C:\Program Files\Microchip\xc8\v3.00\pic\sources\c99\common\lwdiv.c
		___lwdiv       		CODE           	0194	0000	66

C:\Program Files\Microchip\xc8\v3.00\pic\sources\c99\common\lwdiv.c estimated size: 66

main.c
		_main          		CODE           	065E	0000	368
		_ADC_read      		CODE           	00F0	0000	42
		_ADC_init      		CODE           	009A	0000	14

main.c estimated size: 424

C:\Program Files\Microchip\xc8\v3.00\pic\sources\c99\common\aldiv.c
		___aldiv       		CODE           	0303	0000	153

C:\Program Files\Microchip\xc8\v3.00\pic\sources\c99\common\aldiv.c estimated size: 153

C:\Program Files\Microchip\xc8\v3.00\pic\sources\c99\common\doprnt.c
		_vfpfcnvrt     		CODE           	0596	0000	200
		_vfprintf      		CODE           	00CB	0000	37

C:\Program Files\Microchip\xc8\v3.00\pic\sources\c99\common\doprnt.c estimated size: 237

