Microchip MPLAB XC8 Compiler V3.00

Linker command line:

-W-3 \
  --edf=C:/Users/daizp/.mchp_packs/Microchip/PIC16Fxxx_DFP/1.7.162/xc8\pic\dat\20250326211330_en.msgs \
  -cn -h+dist/default/production\spaceInvaders.X.production.sym \
  --cmf=dist/default/production\spaceInvaders.X.production.cmf -z -Q16F887 \
  -oC:\Users\daizp\AppData\Local\Temp\xcAstlc.\driver_tmp_3.o \
  --defsym=__MPLAB_BUILD=1 --fixupoverflow=error \
  -Mdist/default/production/spaceInvaders.X.production.map \
  --md=C:\Users\daizp\AppData\Local\Temp\xcAstlc.\driver_tmp_0.dat -E1 \
  -ver=XC8 Compiler -ACODE=00h-07FFhx4 -ASTRCODE=00h-01FFFh \
  -ASTRING=00h-0FFhx32 -ACONST=00h-0FFhx32 -AENTRY=00h-0FFhx32 \
  -ACOMMON=070h-07Fh -ABANK0=020h-06Fh -ABANK1=0A0h-0EFh \
  -ABANK2=0110h-016Fh -ABANK3=0190h-01EFh \
  -ARAM=020h-06Fh,0A0h-0EFh,0110h-016Fh,0190h-01EFh \
  -AABS1=020h-07Fh,0A0h-0EFh,0110h-016Fh,0190h-01EFh -ASFR0=00h-01Fh \
  -ASFR1=080h-09Fh -ASFR2=0100h-010Fh -ASFR3=0180h-018Fh \
  -ACONFIG=02007h-02008h -DCONFIG=2 -AIDLOC=02000h-02003h -DIDLOC=2 \
  -AEEDATA=00h-0FFh/02100h -peeprom_data=EEDATA -DEEDATA=2 -DCODE=2 \
  -DSTRCODE=2 -DSTRING=2 -DCONST=2 -DENTRY=2 \
  -preset_vec=00h,intentry=04h,sivt,init,end_init -ppowerup=CODE \
  -pcinit=CODE -pfunctab=ENTRY -k \
  C:\Users\daizp\AppData\Local\Temp\xcAstlc.\driver_tmp_12.o \
  dist/default/production\spaceInvaders.X.production.o 

Object code version is 3.11

Machine type is 16F887



                Name                               Link     Load   Length Selector   Space Scale
C:\Users\daizp\AppData\Local\Temp\xcAstlc.\driver_tmp_12.o
                end_init                              C        C        3        8       0
                reset_vec                             0        0        3        0       0
                config                             2007     2007        2        0       4
dist/default/production\spaceInvaders.X.production.o
                cinit                                 F        F       20        8       0
                intentry                              4        4        8        8       0
                config                             2007     2007        2        0       4
                text16                              650      650       16      8D8       0
                text15                               2F       2F       BA        8       0
                text14                              4C5      4C5       55      8D8       0
                text13                               E9       E9       AC        8       0
                text12                              5E7      5E7       29      8D8       0
                text11                              2E0      2E0       92        8       0
                text10                              679      679        F      8D8       0
                text9                               5B7      5B7       30      8D8       0
                text8                               46C      46C       59      8D8       0
                text7                               56B      56B       4C      8D8       0
                text6                               51A      51A       51      8D8       0
                text5                               372      372       83        8       0
                text4                               610      610       24      8D8       0
                text3                               195      195       A9        8       0
                text2                               688      688        D      8D8       0
                text1                               634      634       1C      8D8       0
                maintext                            23E      23E       A2        8       0
                cstackBANK0                          3A       3A       17       20       1
                cstackCOMMON                         70       70        B       70       1
                clrtext                             695      695        8      8D8       0
                inittext                            666      666       13      8D8       0
                dataBANK0                            51       51        7       20       1
                bssBANK0                             20       20       1A       20       1
                dataCOMMON                           7B       7B        1       70       1
                strings                             400      400       6C      800       0
                idataBANK0                          69D      69D        7      8D8       0
                idataCOMMON                         6A4      6A4        1      8D8       0

TOTAL           Name                               Link     Load   Length     Space
        CLASS   CODE           
                end_init                              C        C        3         0
                cinit                                 F        F       20         0
                intentry                              4        4        8         0
                reset_vec                             0        0        3         0
                text16                              650      650       16         0
                text15                               2F       2F       BA         0
                text14                              4C5      4C5       55         0
                text13                               E9       E9       AC         0
                text12                              5E7      5E7       29         0
                text11                              2E0      2E0       92         0
                text10                              679      679        F         0
                text9                               5B7      5B7       30         0
                text8                               46C      46C       59         0
                text7                               56B      56B       4C         0
                text6                               51A      51A       51         0
                text5                               372      372       83         0
                text4                               610      610       24         0
                text3                               195      195       A9         0
                text2                               688      688        D         0
                text1                               634      634       1C         0
                maintext                            23E      23E       A2         0
                clrtext                             695      695        8         0
                inittext                            666      666       13         0
                idataBANK0                          69D      69D        7         0
                idataCOMMON                         6A4      6A4        1         0

        CLASS   STRCODE        

        CLASS   STRING         
                strings                             400      400       6C         0

        CLASS   CONST          

        CLASS   ENTRY          

        CLASS   COMMON         
                cstackCOMMON                         70       70        B         1
                dataCOMMON                           7B       7B        1         1

        CLASS   BANK0          
                cstackBANK0                          3A       3A       17         1
                dataBANK0                            51       51        7         1
                bssBANK0                             20       20       1A         1

        CLASS   BANK1          

        CLASS   BANK2          

        CLASS   BANK3          

        CLASS   RAM            

        CLASS   ABS1           
                abs_s1                               7E       7E        2         1

        CLASS   SFR0           

        CLASS   SFR1           

        CLASS   SFR2           

        CLASS   SFR3           

        CLASS   CONFIG         
                config                             2007     2007        2         4

        CLASS   IDLOC          

        CLASS   EEDATA         

        CLASS   HEAP           

        CLASS   STACK          



SEGMENTS        Name                           Load    Length   Top    Selector   Space  Class     Delta

                reset_vec                      000000  000003  000003         0       0  CODE        2
                intentry                       000004  0003F1  0003F5         8       0  CODE        2
                bssBANK0                       000020  000038  000058        20       1  BANK0       1
                cstackCOMMON                   000070  00000C  00007C        70       1  COMMON      1
                strings                        000400  00006C  00046C       800       0  STRING      2
                text8                          00046C  000239  0006A5       8D8       0  CODE        2


UNUSED ADDRESS RANGES

        Name                Unused          Largest block    Delta
        BANK0            0058-006F             18           1
        BANK1            00A0-00EF             50           1
        BANK2            0110-016F             60           1
        BANK3            0190-01EF             60           1
        CODE             0003-0003              1           2
                         03F5-03FF              B
                         06A5-1FFF            800
        COMMON           007C-007D              2           1
        CONST            0003-0003              1           2
                         03F5-03FF              B
                         06A5-1FFF            100
        EEDATA           2100-21FF            100           2
        ENTRY            0003-0003              1           2
                         03F5-03FF              B
                         06A5-1FFF            100
        IDLOC            2000-2003              4           2
        RAM              0058-006F             18           1
                         00A0-00EF             50
                         0110-016F             60
                         0190-01EF             60
        SFR0             0000-001F             20           1
        SFR1             0080-009F             20           1
        SFR2             0100-010F             10           1
        SFR3             0180-018F             10           1
        STRCODE          0003-0003              1           2
                         03F5-03FF              B
                         06A5-1FFF           195B
        STRING           0003-0003              1           2
                         03F5-03FF              B
                         06A5-1FFF            100

                                  Symbol Table

?___awmod                 cstackBANK0  0044
?___lmul                  cstackCOMMON 0072
?_rand                    cstackBANK0  003E
?_time                    cstackCOMMON 0072
LCD_Init@cmd              cstackCOMMON 007A
LCD_Init@display          cstackBANK0  003A
LCD_Out@c                 cstackCOMMON 0074
LCD_Write@c               cstackCOMMON 0077
LCD_cg_ram_addr@addr      cstackCOMMON 0078
LCD_custom_char@i         cstackBANK0  0040
LCD_custom_char@pos       cstackBANK0  003F
LCD_custom_char@x         cstackBANK0  003E
LCD_putc@c                cstackCOMMON 0077
LCD_putrs@a               cstackCOMMON 0078
LCD_putrs@i               cstackCOMMON 0079
LCD_ram_write@data        cstackCOMMON 0079
_ADCON0                   (abs)        001F
_ADCON1                   (abs)        009F
_ADRESH                   (abs)        001E
_ADRESL                   (abs)        009E
_ANSEL                    (abs)        0188
_ANSELH                   (abs)        0189
_GIE                      (abs)        005F
_GO_nDONE                 (abs)        00F9
_INTE                     (abs)        005C
_INTEDG                   (abs)        040E
_INTF                     (abs)        0059
_ISR                      text16       0650
_LCD_Init                 text13       00E9
_LCD_Out                  text15       002F
_LCD_Write                text14       04C5
_LCD_cg_ram_addr          text12       05E7
_LCD_custom_char          text9        05B7
_LCD_putc                 text11       02E0
_LCD_putrs                text4        0610
_LCD_ram_write            text10       0679
_OPTION_REG               (abs)        0081
_PORTA                    (abs)        0005
_PORTB                    (abs)        0006
_PORTBbits                (abs)        0006
_PORTC                    (abs)        0007
_TRISA                    (abs)        0085
_TRISB                    (abs)        0086
_TRISC                    (abs)        0087
__H__absolute__           __absolute__ 0000
__Habs1                   abs1         0000
__Hbank0                  bank0        0000
__Hbank1                  bank1        0000
__Hbank2                  bank2        0000
__Hbank3                  bank3        0000
__HbssBANK0               bssBANK0     0000
__Hcinit                  cinit        002F
__Hclrtext                clrtext      0000
__Hcode                   code         0000
__Hcommon                 common       0000
__Hconfig                 config       2009
__HcstackBANK0            cstackBANK0  0000
__HcstackCOMMON           cstackCOMMON 0000
__HdataBANK0              dataBANK0    0000
__HdataCOMMON             dataCOMMON   0000
__Heeprom_data            eeprom_data  0000
__Hend_init               end_init     000F
__Hfunctab                functab      0000
__Hheap                   heap         0000
__HidataBANK0             idataBANK0   0000
__HidataCOMMON            idataCOMMON  0000
__Hinit                   init         000C
__Hinittext               inittext     0000
__Hintentry               intentry     000C
__Hmaintext               maintext     0000
__Hpowerup                powerup      0000
__Hram                    ram          0000
__Hreset_vec              reset_vec    0003
__Hsfr0                   sfr0         0000
__Hsfr1                   sfr1         0000
__Hsfr2                   sfr2         0000
__Hsfr3                   sfr3         0000
__Hsivt                   sivt         000C
__Hspace_0                (abs)        06A5
__Hspace_1                (abs)        007C
__Hspace_2                (abs)        0000
__Hspace_3                (abs)        0000
__Hspace_4                (abs)        4010
__Hstack                  stack        0000
__Hstrings                strings      0000
__Htext                   text         0000
__L__absolute__           __absolute__ 0000
__Labs1                   abs1         0000
__Lbank0                  bank0        0000
__Lbank1                  bank1        0000
__Lbank2                  bank2        0000
__Lbank3                  bank3        0000
__LbssBANK0               bssBANK0     0000
__Lcinit                  cinit        000F
__Lclrtext                clrtext      0000
__Lcode                   code         0000
__Lcommon                 common       0000
__Lconfig                 config       0000
__LcstackBANK0            cstackBANK0  0000
__LcstackCOMMON           cstackCOMMON 0000
__LdataBANK0              dataBANK0    0000
__LdataCOMMON             dataCOMMON   0000
__Leeprom_data            eeprom_data  0000
__Lend_init               end_init     000C
__Lfunctab                functab      0000
__Lheap                   heap         0000
__LidataBANK0             idataBANK0   0000
__LidataCOMMON            idataCOMMON  0000
__Linit                   init         000C
__Linittext               inittext     0000
__Lintentry               intentry     0004
__Lmaintext               maintext     0000
__Lpowerup                powerup      0000
__Lram                    ram          0000
__Lreset_vec              reset_vec    0000
__Lsfr0                   sfr0         0000
__Lsfr1                   sfr1         0000
__Lsfr2                   sfr2         0000
__Lsfr3                   sfr3         0000
__Lsivt                   sivt         000C
__Lspace_0                (abs)        0000
__Lspace_1                (abs)        0000
__Lspace_2                (abs)        0000
__Lspace_3                (abs)        0000
__Lspace_4                (abs)        0000
__Lstack                  stack        0000
__Lstrings                strings      0000
__Ltext                   text         0000
__S0                      (abs)        06A5
__S1                      (abs)        007C
__S3                      (abs)        0000
___awmod                  text8        046C
___awmod@counter          cstackBANK0  0048
___awmod@dividend         cstackBANK0  0046
___awmod@divisor          cstackBANK0  0044
___awmod@sign             cstackBANK0  0049
___heap_hi                (abs)        0000
___heap_lo                (abs)        0000
___int_sp                 stack        0000
___int_stack_hi           stack        0000
___int_stack_lo           stack        0000
___latbits                (abs)        0002
___lmul                   text7        056B
___lmul@multiplicand      cstackCOMMON 0076
___lmul@multiplier        cstackCOMMON 0072
___lmul@product           cstackBANK0  003A
___nivel_1                text5        0372
___nivel_1@cantidadAliens cstackBANK0  004C
___nivel_1@i              cstackBANK0  004E
___nivel_1@posAliens      cstackBANK0  0050
___nivel_1@tipoAlien      cstackBANK0  004D
___sp                     stack        0000
___stack_hi               stack        0000
___stack_lo               stack        0000
___stackhi                (abs)        0000
___stacklo                (abs)        0000
__end_of_ISR              text16       0666
__end_of_LCD_Init         text13       0195
__end_of_LCD_Out          text15       00E9
__end_of_LCD_Write        text14       051A
__end_of_LCD_cg_ram_addr  text12       0610
__end_of_LCD_custom_char  text9        05E7
__end_of_LCD_putc         text11       0372
__end_of_LCD_putrs        text4        0634
__end_of_LCD_ram_write    text10       0688
__end_of___awmod          text8        04C5
__end_of___lmul           text7        05B7
__end_of___nivel_1        text5        03F5
__end_of__initialization  cinit        002B
__end_of__stringtab       strings      0406
__end_of_alien_chico      strings      041E
__end_of_alien_grande     strings      0426
__end_of_corazon          strings      040E
__end_of_main             maintext     02E0
__end_of_medio_corazon    strings      0416
__end_of_nave             strings      042E
__end_of_pantalla_inicio  text3        023E
__end_of_rand             text6        056B
__end_of_srand            text2        0695
__end_of_time             text1        0650
__initialization          cinit        000F
__pbssBANK0               bssBANK0     0020
__pcstackBANK0            cstackBANK0  003A
__pcstackCOMMON           cstackCOMMON 0070
__pdataBANK0              dataBANK0    0051
__pdataCOMMON             dataCOMMON   007B
__pidataBANK0             idataBANK0   069D
__pidataCOMMON            idataCOMMON  06A4
__pintentry               intentry     0004
__pmaintext               maintext     023E
__pstrings                strings      0400
__ptext1                  text1        0634
__ptext10                 text10       0679
__ptext11                 text11       02E0
__ptext12                 text12       05E7
__ptext13                 text13       00E9
__ptext14                 text14       04C5
__ptext15                 text15       002F
__ptext16                 text16       0650
__ptext2                  text2        0688
__ptext3                  text3        0195
__ptext4                  text4        0610
__ptext5                  text5        0372
__ptext6                  text6        051A
__ptext7                  text7        056B
__ptext8                  text8        046C
__ptext9                  text9        05B7
__stringbase              strings      0405
__stringtab               strings      0400
_alien_chico              strings      0416
_alien_grande             strings      041E
_corazon                  strings      0406
_fondo                    bssBANK0     0020
_lcd                      dataBANK0    0051
_main                     maintext     023E
_medio_corazon            strings      040E
_nave                     strings      0426
_nivel                    bssBANK0     0034
_pantalla_inicio          text3        0195
_pos_x                    dataCOMMON   007B
_rand                     text6        051A
_seed                     bssBANK0     0036
_srand                    text2        0688
_time                     text1        0634
btemp                     (abs)        007E
clear_ram0                clrtext      0695
end_of_initialization     cinit        002B
init_fetch0               inittext     0666
init_ram0                 inittext     066A
interrupt_function        intentry     0004
intlevel0                 functab      0000
intlevel1                 functab      0000
intlevel2                 functab      0000
intlevel3                 functab      0000
intlevel4                 functab      0000
intlevel5                 functab      0000
pantalla_inicio@i         cstackBANK0  003C
pantalla_inicio@j         cstackBANK0  003B
reset_vec                 reset_vec    0000
saved_w                   (abs)        007E
srand@s                   cstackCOMMON 0076
start                     init         000C
start_initialization      cinit        000F
time@t                    cstackCOMMON 0072
wtemp0                    (abs)        007E


MODULE INFORMATION

Module		Function		Class		Link	Load	Size
C:\Program Files\Microchip\xc8\v3.00\pic\sources\c99\common\time.c
		_time          		CODE           	0634	0000	28

C:\Program Files\Microchip\xc8\v3.00\pic\sources\c99\common\time.c estimated size: 28

C:\Program Files\Microchip\xc8\v3.00\pic\sources\c99\common\rand.c
		_srand         		CODE           	0688	0000	13
		_rand          		CODE           	051A	0000	81

C:\Program Files\Microchip\xc8\v3.00\pic\sources\c99\common\rand.c estimated size: 94

C:\Program Files\Microchip\xc8\v3.00\pic\sources\c99\common\awmod.c
		___awmod       		CODE           	046C	0000	89

C:\Program Files\Microchip\xc8\v3.00\pic\sources\c99\common\awmod.c estimated size: 89

C:\Program Files\Microchip\xc8\v3.00\pic\sources\c99\common\Umul32.c
		___lmul        		CODE           	056B	0000	76

C:\Program Files\Microchip\xc8\v3.00\pic\sources\c99\common\Umul32.c estimated size: 76

shared
		_nave          		STRING         	0426	0000	8
		__stringtab    		STRING         	0400	0000	6
		_alien_grande  		STRING         	041E	0000	8
		_alien_chico   		STRING         	0416	0000	8
		__initialization		CODE           	000F	0000	28
		_corazon       		STRING         	0406	0000	8
		_medio_corazon 		STRING         	040E	0000	8

shared estimated size: 74

lcd.c
		_LCD_Init      		CODE           	00E9	0000	172
		_LCD_Out       		CODE           	002F	0000	186
		_LCD_ram_write 		CODE           	0679	0000	15
		_LCD_putc      		CODE           	02E0	0000	146
		_LCD_putrs     		CODE           	0610	0000	36
		_LCD_cg_ram_addr		CODE           	05E7	0000	41
		_LCD_Write     		CODE           	04C5	0000	85

lcd.c estimated size: 681

main.c
		_ISR           		CODE           	0650	0000	22
		___nivel_1     		CODE           	0372	0000	131
		_main          		CODE           	023E	0000	162
		_LCD_custom_char		CODE           	05B7	0000	48
		_pantalla_inicio		CODE           	0195	0000	169

main.c estimated size: 532

