Microchip MPLAB XC8 Compiler V3.00

Linker command line:

-W-3 \
  --edf=C:/Users/daizp/.mchp_packs/Microchip/PIC16Fxxx_DFP/1.7.162/xc8\pic\dat\20250326211330_en.msgs \
  -cn -h+dist/default/production\LCD.X.production.sym \
  --cmf=dist/default/production\LCD.X.production.cmf -z -Q16F887 \
  -oC:\Users\daizp\AppData\Local\Temp\xcAsnbc.\driver_tmp_3.o \
  --defsym=__MPLAB_BUILD=1 --fixupoverflow=error \
  -Mdist/default/production/LCD.X.production.map \
  --md=C:\Users\daizp\AppData\Local\Temp\xcAsnbc.\driver_tmp_0.dat -E1 \
  -ver=XC8 Compiler -ACODE=00h-07FFhx4 -ASTRCODE=00h-01FFFh \
  -ASTRING=00h-0FFhx32 -ACONST=00h-0FFhx32 -AENTRY=00h-0FFhx32 \
  -ACOMMON=070h-07Fh -ABANK0=020h-06Fh -ABANK1=0A0h-0EFh \
  -ABANK2=0110h-016Fh -ABANK3=0190h-01EFh \
  -ARAM=020h-06Fh,0A0h-0EFh,0110h-016Fh,0190h-01EFh \
  -AABS1=020h-07Fh,0A0h-0EFh,0110h-016Fh,0190h-01EFh -ASFR0=00h-01Fh \
  -ASFR1=080h-09Fh -ASFR2=0100h-010Fh -ASFR3=0180h-018Fh \
  -ACONFIG=02007h-02008h -DCONFIG=2 -AIDLOC=02000h-02003h -DIDLOC=2 \
  -AEEDATA=00h-0FFh/02100h -peeprom_data=EEDATA -DEEDATA=2 -DCODE=2 \
  -DSTRCODE=2 -DSTRING=2 -DCONST=2 -DENTRY=2 \
  -preset_vec=00h,intentry,sivt,init,end_init -ppowerup=CODE -pcinit=CODE \
  -pfunctab=ENTRY -k \
  C:\Users\daizp\AppData\Local\Temp\xcAsnbc.\driver_tmp_12.o \
  dist/default/production\LCD.X.production.o 

Object code version is 3.11

Machine type is 16F887



                Name                               Link     Load   Length Selector   Space Scale
C:\Users\daizp\AppData\Local\Temp\xcAsnbc.\driver_tmp_12.o
                end_init                              0        0        3        0       0
                config                             2007     2007        2        0       4
dist/default/production\LCD.X.production.o
                cinit                               7DE      7DE       22      FBC       0
                config                             2007     2007        2        0       4
                text5                               724      724       BA      E48       0
                text4                               51A      51A       55      A34       0
                text3                               678      678       AC      CF0       0
                text2                               5E6      5E6       92      BCC       0
                text1                               4FE      4FE       1C      9FC       0
                maintext                            56F      56F       77      ADE       0
                cstackBANK0                          20       20        8       20       1
                cstackCOMMON                         70       70        E       70       1
                dataBANK0                            28       28        5       20       1
                strings                               3        3       13        6       0
                idataBANK0                          4F9      4F9        5      9F2       0

TOTAL           Name                               Link     Load   Length     Space
        CLASS   CODE           
                end_init                              0        0        3         0
                cinit                               7DE      7DE       22         0
                text5                               724      724       BA         0
                text4                               51A      51A       55         0
                text3                               678      678       AC         0
                text2                               5E6      5E6       92         0
                text1                               4FE      4FE       1C         0
                maintext                            56F      56F       77         0
                idataBANK0                          4F9      4F9        5         0

        CLASS   STRCODE        

        CLASS   STRING         
                strings                               3        3       13         0

        CLASS   CONST          

        CLASS   ENTRY          

        CLASS   COMMON         
                cstackCOMMON                         70       70        E         1

        CLASS   BANK0          
                cstackBANK0                          20       20        8         1
                dataBANK0                            28       28        5         1

        CLASS   BANK1          

        CLASS   BANK2          

        CLASS   BANK3          

        CLASS   RAM            

        CLASS   ABS1           
                abs_s1                               7E       7E        2         1

        CLASS   SFR0           

        CLASS   SFR1           

        CLASS   SFR2           

        CLASS   SFR3           

        CLASS   CONFIG         
                config                             2007     2007        2         4

        CLASS   IDLOC          

        CLASS   EEDATA         

        CLASS   HEAP           

        CLASS   STACK          



SEGMENTS        Name                           Load    Length   Top    Selector   Space  Class     Delta

                reset_vec                      000000  000003  000003         0       0  CODE        2
                strings                        000003  000013  000016         6       0  STRING      2
                cstackBANK0                    000020  00000D  00002D        20       1  BANK0       1
                cstackCOMMON                   000070  00000E  00007E        70       1  COMMON      1
                idataBANK0                     0004F9  000005  0004FE       9F2       0  CODE        2
                text1                          0004FE  00001C  00051A       9FC       0  CODE        2
                text4                          00051A  000055  00056F       A34       0  CODE        2
                maintext                       00056F  000077  0005E6       ADE       0  CODE        2
                text2                          0005E6  000092  000678       BCC       0  CODE        2
                text3                          000678  0000AC  000724       CF0       0  CODE        2
                text5                          000724  0000BA  0007DE       E48       0  CODE        2
                cinit                          0007DE  000022  000800       FBC       0  CODE        2


UNUSED ADDRESS RANGES

        Name                Unused          Largest block    Delta
        BANK0            002D-006F             43           1
        BANK1            00A0-00EF             50           1
        BANK2            0110-016F             60           1
        BANK3            0190-01EF             60           1
        CODE             0016-04F8            4E3           2
                         0800-1FFF            800
        CONST            0016-04F8            100           2
                         0800-1FFF            100
        EEDATA           2100-21FF            100           2
        ENTRY            0016-04F8            100           2
                         0800-1FFF            100
        IDLOC            2000-2003              4           2
        RAM              002D-006F             43           1
                         00A0-00EF             50
                         0110-016F             60
                         0190-01EF             60
        SFR0             0000-001F             20           1
        SFR1             0080-009F             20           1
        SFR2             0100-010F             10           1
        SFR3             0180-018F             10           1
        STRCODE          0016-04F8            4E3           2
                         0800-1FFF           1800
        STRING           0016-04F8            100           2
                         0800-1FFF            100

                                  Symbol Table

LCD_Init@cmd             cstackCOMMON 007D
LCD_Init@display         cstackCOMMON 0076
LCD_Out@c                cstackCOMMON 0072
LCD_Write@c              cstackCOMMON 0075
LCD_putc@c               cstackCOMMON 0075
LCD_putrs@a              cstackCOMMON 0076
_LCD_Init                text3        0678
_LCD_Out                 text5        0724
_LCD_Write               text4        051A
_LCD_putc                text2        05E6
_LCD_putrs               text1        04FE
_PORTA                   (abs)        0005
_PORTB                   (abs)        0006
_PORTC                   (abs)        0007
_TRISA                   (abs)        0085
_TRISB                   (abs)        0086
_TRISC                   (abs)        0087
__H__absolute__          __absolute__ 0000
__Habs1                  abs1         0000
__Hbank0                 bank0        0000
__Hbank1                 bank1        0000
__Hbank2                 bank2        0000
__Hbank3                 bank3        0000
__Hcinit                 cinit        0800
__Hclrtext               clrtext      0000
__Hcode                  code         0000
__Hcommon                common       0000
__Hconfig                config       2009
__HcstackBANK0           cstackBANK0  0000
__HcstackCOMMON          cstackCOMMON 0000
__HdataBANK0             dataBANK0    0000
__Heeprom_data           eeprom_data  0000
__Hend_init              end_init     0003
__Hfunctab               functab      0000
__Hheap                  heap         0000
__HidataBANK0            idataBANK0   0000
__Hinit                  init         0000
__Hintentry              intentry     0000
__Hmaintext              maintext     0000
__Hpowerup               powerup      0000
__Hram                   ram          0000
__Hreset_vec             reset_vec    0000
__Hsfr0                  sfr0         0000
__Hsfr1                  sfr1         0000
__Hsfr2                  sfr2         0000
__Hsfr3                  sfr3         0000
__Hsivt                  sivt         0000
__Hspace_0               (abs)        0800
__Hspace_1               (abs)        007E
__Hspace_2               (abs)        0000
__Hspace_3               (abs)        0000
__Hspace_4               (abs)        4010
__Hstack                 stack        0000
__Hstrings               strings      0000
__Htext                  text         0000
__L__absolute__          __absolute__ 0000
__Labs1                  abs1         0000
__Lbank0                 bank0        0000
__Lbank1                 bank1        0000
__Lbank2                 bank2        0000
__Lbank3                 bank3        0000
__Lcinit                 cinit        07DE
__Lclrtext               clrtext      0000
__Lcode                  code         0000
__Lcommon                common       0000
__Lconfig                config       0000
__LcstackBANK0           cstackBANK0  0000
__LcstackCOMMON          cstackCOMMON 0000
__LdataBANK0             dataBANK0    0000
__Leeprom_data           eeprom_data  0000
__Lend_init              end_init     0000
__Lfunctab               functab      0000
__Lheap                  heap         0000
__LidataBANK0            idataBANK0   0000
__Linit                  init         0000
__Lintentry              intentry     0000
__Lmaintext              maintext     0000
__Lpowerup               powerup      0000
__Lram                   ram          0000
__Lreset_vec             reset_vec    0000
__Lsfr0                  sfr0         0000
__Lsfr1                  sfr1         0000
__Lsfr2                  sfr2         0000
__Lsfr3                  sfr3         0000
__Lsivt                  sivt         0000
__Lspace_0               (abs)        0000
__Lspace_1               (abs)        0000
__Lspace_2               (abs)        0000
__Lspace_3               (abs)        0000
__Lspace_4               (abs)        0000
__Lstack                 stack        0000
__Lstrings               strings      0000
__Ltext                  text         0000
__S0                     (abs)        0800
__S1                     (abs)        007E
__S3                     (abs)        0000
___heap_hi               (abs)        0000
___heap_lo               (abs)        0000
___int_sp                stack        0000
___int_stack_hi          stack        0000
___int_stack_lo          stack        0000
___latbits               (abs)        0002
___sp                    stack        0000
___stack_hi              stack        0000
___stack_lo              stack        0000
___stackhi               (abs)        0000
___stacklo               (abs)        0000
__end_of_LCD_Init        text3        0724
__end_of_LCD_Out         text5        07DE
__end_of_LCD_Write       text4        056F
__end_of_LCD_putc        text2        0678
__end_of_LCD_putrs       text1        051A
__end_of__initialization cinit        07FC
__end_of__stringtab      strings      0009
__end_of_main            maintext     05E6
__initialization         cinit        07DE
__pcstackBANK0           cstackBANK0  0020
__pcstackCOMMON          cstackCOMMON 0070
__pdataBANK0             dataBANK0    0028
__pidataBANK0            idataBANK0   04F9
__pmaintext              maintext     056F
__pstrings               strings      0003
__ptext1                 text1        04FE
__ptext2                 text2        05E6
__ptext3                 text3        0678
__ptext4                 text4        051A
__ptext5                 text5        0724
__stringbase             strings      0008
__stringtab              strings      0003
_lcd                     dataBANK0    0028
_main                    maintext     056F
btemp                    (abs)        007E
end_of_initialization    cinit        07FC
intlevel0                functab      0000
intlevel1                functab      0000
intlevel2                functab      0000
intlevel3                functab      0000
intlevel4                functab      0000
intlevel5                functab      0000
main@c                   cstackBANK0  0027
reset_vec                reset_vec    0000
start                    init         0000
start_initialization     cinit        07DE
wtemp0                   (abs)        007E


MODULE INFORMATION

Module		Function		Class		Link	Load	Size
shared
		__stringtab    		STRING         	0003	0000	6
		__initialization		CODE           	07DE	0000	30

shared estimated size: 36

lcd.c
		_LCD_Init      		CODE           	0678	0000	172
		_LCD_Out       		CODE           	0724	0000	186
		_LCD_putc      		CODE           	05E6	0000	146
		_LCD_putrs     		CODE           	04FE	0000	28
		_LCD_Write     		CODE           	051A	0000	85

lcd.c estimated size: 617

main.c
		_main          		CODE           	056F	0000	119

main.c estimated size: 119

