Microchip MPLAB XC8 Compiler V3.00

Linker command line:

-W-3 \
  --edf=C:/Users/daizp/.mchp_packs/Microchip/PIC16Fxxx_DFP/1.7.162/xc8\pic\dat\20250326211330_en.msgs \
  -cn -h+dist/default/production\sistemaSeguridad.X.production.sym \
  --cmf=dist/default/production\sistemaSeguridad.X.production.cmf -z \
  -Q16F887 -oC:\Users\daizp\AppData\Local\Temp\xcAsj5c.\driver_tmp_3.o \
  --defsym=__MPLAB_BUILD=1 --fixupoverflow=error \
  -Mdist/default/production/sistemaSeguridad.X.production.map \
  --md=C:\Users\daizp\AppData\Local\Temp\xcAsj5c.\driver_tmp_0.dat -E1 \
  -ver=XC8 Compiler -ACODE=00h-07FFhx4 -ASTRCODE=00h-01FFFh \
  -ASTRING=00h-0FFhx32 -ACONST=00h-0FFhx32 -AENTRY=00h-0FFhx32 \
  -ACOMMON=070h-07Fh -ABANK0=020h-06Fh -ABANK1=0A0h-0EFh \
  -ABANK2=0110h-016Fh -ABANK3=0190h-01EFh \
  -ARAM=020h-06Fh,0A0h-0EFh,0110h-016Fh,0190h-01EFh \
  -AABS1=020h-07Fh,0A0h-0EFh,0110h-016Fh,0190h-01EFh -ASFR0=00h-01Fh \
  -ASFR1=080h-09Fh -ASFR2=0100h-010Fh -ASFR3=0180h-018Fh \
  -ACONFIG=02007h-02008h -DCONFIG=2 -AIDLOC=02000h-02003h -DIDLOC=2 \
  -AEEDATA=00h-0FFh/02100h -peeprom_data=EEDATA -DEEDATA=2 -DCODE=2 \
  -DSTRCODE=2 -DSTRING=2 -DCONST=2 -DENTRY=2 \
  -preset_vec=00h,intentry=04h,sivt,init,end_init -ppowerup=CODE \
  -pcinit=CODE -pfunctab=ENTRY -k \
  C:\Users\daizp\AppData\Local\Temp\xcAsj5c.\driver_tmp_12.o \
  dist/default/production\sistemaSeguridad.X.production.o 

Object code version is 3.11

Machine type is 16F887



                Name                               Link     Load   Length Selector   Space Scale
C:\Users\daizp\AppData\Local\Temp\xcAsj5c.\driver_tmp_12.o
                end_init                             12       12        3        8       0
                reset_vec                             0        0        3        0       0
                config                             2007     2007        2        0       4
dist/default/production\sistemaSeguridad.X.production.o
                cinit                                15       15       28        8       0
                intentry                              4        4        E        8       0
                config                             2007     2007        2        0       4
                text5                               1B2      1B2       43        8       0
                text4                               21B      21B        6        8       0
                text3                                A9       A9       64        8       0
                text2                               10D      10D       59        8       0
                text1                                3D       3D       6C        8       0
                maintext                            166      166       4C        8       0
                cstackBANK0                          3D       3D        6       20       1
                cstackCOMMON                         70       70        C       70       1
                inittext                            208      208       13        8       0
                dataBANK0                            20       20       13       20       1
                bssBANK0                             33       33        A       20       1
                dataCOMMON                           7C       7C        2       70       1
                idataBANK0                          1F5      1F5       13        8       0
                idataCOMMON                         221      221        2        8       0

TOTAL           Name                               Link     Load   Length     Space
        CLASS   CODE           
                end_init                             12       12        3         0
                cinit                                15       15       28         0
                intentry                              4        4        E         0
                reset_vec                             0        0        3         0
                text5                               1B2      1B2       43         0
                text4                               21B      21B        6         0
                text3                                A9       A9       64         0
                text2                               10D      10D       59         0
                text1                                3D       3D       6C         0
                maintext                            166      166       4C         0
                inittext                            208      208       13         0
                idataBANK0                          1F5      1F5       13         0
                idataCOMMON                         221      221        2         0

        CLASS   STRCODE        

        CLASS   STRING         

        CLASS   CONST          

        CLASS   ENTRY          

        CLASS   COMMON         
                cstackCOMMON                         70       70        C         1
                dataCOMMON                           7C       7C        2         1

        CLASS   BANK0          
                cstackBANK0                          3D       3D        6         1
                dataBANK0                            20       20       13         1
                bssBANK0                             33       33        A         1

        CLASS   BANK1          

        CLASS   BANK2          

        CLASS   BANK3          

        CLASS   RAM            

        CLASS   ABS1           
                abs_s1                               7E       7E        2         1

        CLASS   SFR0           

        CLASS   SFR1           

        CLASS   SFR2           

        CLASS   SFR3           

        CLASS   CONFIG         
                config                             2007     2007        2         4

        CLASS   IDLOC          

        CLASS   EEDATA         

        CLASS   HEAP           

        CLASS   STACK          



SEGMENTS        Name                           Load    Length   Top    Selector   Space  Class     Delta

                reset_vec                      000000  000003  000003         0       0  CODE        2
                intentry                       000004  00021F  000223         8       0  CODE        2
                dataBANK0                      000020  000023  000043        20       1  BANK0       1
                cstackCOMMON                   000070  00000E  00007E        70       1  COMMON      1


UNUSED ADDRESS RANGES

        Name                Unused          Largest block    Delta
        BANK0            0043-006F             2D           1
        BANK1            00A0-00EF             50           1
        BANK2            0110-016F             60           1
        BANK3            0190-01EF             60           1
        CODE             0003-0003              1           2
                         0223-1FFF            800
        CONST            0003-0003              1           2
                         0223-1FFF            100
        EEDATA           2100-21FF            100           2
        ENTRY            0003-0003              1           2
                         0223-1FFF            100
        IDLOC            2000-2003              4           2
        RAM              0043-006F             2D           1
                         00A0-00EF             50
                         0110-016F             60
                         0190-01EF             60
        SFR0             0000-001F             20           1
        SFR1             0080-009F             20           1
        SFR2             0100-010F             10           1
        SFR3             0180-018F             10           1
        STRCODE          0003-0003              1           2
                         0223-1FFF           1DDD
        STRING           0003-0003              1           2
                         0223-1FFF            100

                                  Symbol Table

?_confirm                cstackCOMMON 0070
ISR@i                    cstackCOMMON 007A
_ANSEL                   (abs)        0188
_ANSELH                  (abs)        0189
_FAIL                    dataBANK0    0028
_GIE                     (abs)        005F
_INTE                    (abs)        005C
_INTEDG                  (abs)        040E
_INTF                    (abs)        0059
_ISR                     text1        003D
_OPTION_REG              (abs)        0081
_PASS                    dataBANK0    002C
_PORTB                   (abs)        0006
_PORTBbits               (abs)        0006
_PORTC                   (abs)        0007
_PORTD                   (abs)        0008
_TRISB                   (abs)        0086
_TRISC                   (abs)        0087
_TRISD                   (abs)        0088
__H__absolute__          __absolute__ 0000
__Habs1                  abs1         0000
__Hbank0                 bank0        0000
__Hbank1                 bank1        0000
__Hbank2                 bank2        0000
__Hbank3                 bank3        0000
__HbssBANK0              bssBANK0     0000
__Hcinit                 cinit        003D
__Hclrtext               clrtext      0000
__Hcode                  code         0000
__Hcommon                common       0000
__Hconfig                config       2009
__HcstackBANK0           cstackBANK0  0000
__HcstackCOMMON          cstackCOMMON 0000
__HdataBANK0             dataBANK0    0000
__HdataCOMMON            dataCOMMON   0000
__Heeprom_data           eeprom_data  0000
__Hend_init              end_init     0015
__Hfunctab               functab      0000
__Hheap                  heap         0000
__HidataBANK0            idataBANK0   0000
__HidataCOMMON           idataCOMMON  0000
__Hinit                  init         0012
__Hinittext              inittext     0000
__Hintentry              intentry     0012
__Hmaintext              maintext     0000
__Hpowerup               powerup      0000
__Hram                   ram          0000
__Hreset_vec             reset_vec    0003
__Hsfr0                  sfr0         0000
__Hsfr1                  sfr1         0000
__Hsfr2                  sfr2         0000
__Hsfr3                  sfr3         0000
__Hsivt                  sivt         0012
__Hspace_0               (abs)        0223
__Hspace_1               (abs)        007E
__Hspace_2               (abs)        0000
__Hspace_3               (abs)        0000
__Hspace_4               (abs)        4010
__Hstack                 stack        0000
__Hstrings               strings      0000
__Htext                  text         0000
__L__absolute__          __absolute__ 0000
__Labs1                  abs1         0000
__Lbank0                 bank0        0000
__Lbank1                 bank1        0000
__Lbank2                 bank2        0000
__Lbank3                 bank3        0000
__LbssBANK0              bssBANK0     0000
__Lcinit                 cinit        0015
__Lclrtext               clrtext      0000
__Lcode                  code         0000
__Lcommon                common       0000
__Lconfig                config       0000
__LcstackBANK0           cstackBANK0  0000
__LcstackCOMMON          cstackCOMMON 0000
__LdataBANK0             dataBANK0    0000
__LdataCOMMON            dataCOMMON   0000
__Leeprom_data           eeprom_data  0000
__Lend_init              end_init     0012
__Lfunctab               functab      0000
__Lheap                  heap         0000
__LidataBANK0            idataBANK0   0000
__LidataCOMMON           idataCOMMON  0000
__Linit                  init         0012
__Linittext              inittext     0000
__Lintentry              intentry     0004
__Lmaintext              maintext     0000
__Lpowerup               powerup      0000
__Lram                   ram          0000
__Lreset_vec             reset_vec    0000
__Lsfr0                  sfr0         0000
__Lsfr1                  sfr1         0000
__Lsfr2                  sfr2         0000
__Lsfr3                  sfr3         0000
__Lsivt                  sivt         0012
__Lspace_0               (abs)        0000
__Lspace_1               (abs)        0000
__Lspace_2               (abs)        0000
__Lspace_3               (abs)        0000
__Lspace_4               (abs)        0000
__Lstack                 stack        0000
__Lstrings               strings      0000
__Ltext                  text         0000
__S0                     (abs)        0223
__S1                     (abs)        007E
__S3                     (abs)        0000
___heap_hi               (abs)        0000
___heap_lo               (abs)        0000
___int_sp                stack        0000
___int_stack_hi          stack        0000
___int_stack_lo          stack        0000
___latbits               (abs)        0002
___sp                    stack        0000
___stack_hi              stack        0000
___stack_lo              stack        0000
___stackhi               (abs)        0000
___stacklo               (abs)        0000
__end_of_ISR             text1        00A9
__end_of__initialization cinit        0039
__end_of_confirm         text5        01F5
__end_of_main            maintext     01B2
__end_of_offLED          text4        0221
__end_of_printFail       text3        010D
__end_of_printPass       text2        0166
__initialization         cinit        0015
__pbssBANK0              bssBANK0     0033
__pcstackBANK0           cstackBANK0  003D
__pcstackCOMMON          cstackCOMMON 0070
__pdataBANK0             dataBANK0    0020
__pdataCOMMON            dataCOMMON   007C
__pidataBANK0            idataBANK0   01F5
__pidataCOMMON           idataCOMMON  0221
__pintentry              intentry     0004
__pmaintext              maintext     0166
__ptext1                 text1        003D
__ptext2                 text2        010D
__ptext3                 text3        00A9
__ptext4                 text4        021B
__ptext5                 text5        01B2
_confirm                 text5        01B2
_correct                 bssBANK0     003B
_digits                  dataBANK0    0030
_main                    maintext     0166
_offLED                  text4        021B
_password                dataBANK0    0020
_printFail               text3        00A9
_printPass               text2        010D
_tries                   dataCOMMON   007C
_userInput               bssBANK0     0033
btemp                    (abs)        007E
confirm@i                cstackCOMMON 0078
end_of_initialization    cinit        0039
init_fetch0              inittext     0208
init_ram0                inittext     020C
interrupt_function       intentry     0004
intlevel0                functab      0000
intlevel1                functab      0000
intlevel2                functab      0000
intlevel3                functab      0000
intlevel4                functab      0000
intlevel5                functab      0000
printFail@i              cstackCOMMON 0071
printPass@i              cstackCOMMON 0071
reset_vec                reset_vec    0000
saved_w                  (abs)        007E
start                    init         0012
start_initialization     cinit        0015
wtemp0                   (abs)        007E


MODULE INFORMATION

Module		Function		Class		Link	Load	Size
newmain.c
		_ISR           		CODE           	003D	0000	108
		_confirm       		CODE           	01B2	0000	67
		_main          		CODE           	0166	0000	76
		_printFail     		CODE           	00A9	0000	100
		_offLED        		CODE           	021B	0000	6
		_printPass     		CODE           	010D	0000	89

newmain.c estimated size: 446

shared
		__initialization		CODE           	0015	0000	36

shared estimated size: 36

