Microchip MPLAB XC8 Compiler V3.00

Linker command line:

-W-3 \
  --edf=C:/Users/daizp/.mchp_packs/Microchip/PIC16Fxxx_DFP/1.7.162/xc8\pic\dat\20250326211330_en.msgs \
  -cn -h+dist/default/production\lecturaAnalogica2.X.production.sym \
  --cmf=dist/default/production\lecturaAnalogica2.X.production.cmf -z \
  -Q16F887 -oC:\Users\daizp\AppData\Local\Temp\xcAsso8.\driver_tmp_3.o \
  --defsym=__MPLAB_BUILD=1 --fixupoverflow=error \
  -Mdist/default/production/lecturaAnalogica2.X.production.map \
  --md=C:\Users\daizp\AppData\Local\Temp\xcAsso8.\driver_tmp_0.dat -E1 \
  -ver=XC8 Compiler -ACODE=00h-07FFhx4 -ASTRCODE=00h-01FFFh \
  -ASTRING=00h-0FFhx32 -ACONST=00h-0FFhx32 -AENTRY=00h-0FFhx32 \
  -ACOMMON=070h-07Fh -ABANK0=020h-06Fh -ABANK1=0A0h-0EFh \
  -ABANK2=0110h-016Fh -ABANK3=0190h-01EFh \
  -ARAM=020h-06Fh,0A0h-0EFh,0110h-016Fh,0190h-01EFh \
  -AABS1=020h-07Fh,0A0h-0EFh,0110h-016Fh,0190h-01EFh -ASFR0=00h-01Fh \
  -ASFR1=080h-09Fh -ASFR2=0100h-010Fh -ASFR3=0180h-018Fh \
  -ACONFIG=02007h-02008h -DCONFIG=2 -AIDLOC=02000h-02003h -DIDLOC=2 \
  -AEEDATA=00h-0FFh/02100h -peeprom_data=EEDATA -DEEDATA=2 -DCODE=2 \
  -DSTRCODE=2 -DSTRING=2 -DCONST=2 -DENTRY=2 \
  -preset_vec=00h,intentry,sivt,init,end_init -ppowerup=CODE -pcinit=CODE \
  -pfunctab=ENTRY -k \
  C:\Users\daizp\AppData\Local\Temp\xcAsso8.\driver_tmp_17.o \
  dist/default/production\lecturaAnalogica2.X.production.o 

Object code version is 3.11

Machine type is 16F887



                Name                               Link     Load   Length Selector   Space Scale
C:\Users\daizp\AppData\Local\Temp\xcAsso8.\driver_tmp_17.o
                end_init                              0        0        3        0       0
                config                             2007     2007        2        0       4
dist/default/production\lecturaAnalogica2.X.production.o
                cinit                               7CD      7CD       33      F9A       0
                config                             2007     2007        2        0       4
                text19                              FD0      FD0        D     1FA0       0
                text18                               3B       3B       11       76       0
                text17                              64F      64F       BA      C9E       0
                text16                              1BC      1BC       55      378       0
                text15                              5A3      5A3       AC      B46       0
                text14                              298      298       92      530       0
                text13                               A9       A9       42      152       0
                text12                               EB       EB       42      1D6       0
                text11                               71       71       38       E2       0
                text10                              FC7      FC7        1     1F8E       0
                text9                               3C3      3C3       9A      786       0
                text8                               709      709       C4      E12       0
                text7                                4C       4C       25       98       0
                text6                               FDD      FDD       23     1FBA       0
                text5                               173      173       49      2E6       0
                text4                               32A      32A       99      654       0
                text3                               12D      12D       46      25A       0
                text2                               45D      45D       A3      8BA       0
                text1                               500      500       A3      A00       0
                maintext                            211      211       87      422       0
                cstackBANK0                          20       20       28       20       1
                cstackCOMMON                         70       70        E       70       1
                clrtext                             FC8      FC8        8     1F90       0
                bssBANK1                             A0       A0       20       A0       1
                dataBANK0                            5F       5F        5       20       1
                bssBANK0                             48       48       17       20       1
                strings                               3        3       33        6       0
                idataBANK0                           36       36        5       6C       0

TOTAL           Name                               Link     Load   Length     Space
        CLASS   CODE           
                end_init                              0        0        3         0
                cinit                               7CD      7CD       33         0
                text19                              FD0      FD0        D         0
                text18                               3B       3B       11         0
                text17                              64F      64F       BA         0
                text16                              1BC      1BC       55         0
                text15                              5A3      5A3       AC         0
                text14                              298      298       92         0
                text13                               A9       A9       42         0
                text12                               EB       EB       42         0
                text11                               71       71       38         0
                text10                              FC7      FC7        1         0
                text9                               3C3      3C3       9A         0
                text8                               709      709       C4         0
                text7                                4C       4C       25         0
                text6                               FDD      FDD       23         0
                text5                               173      173       49         0
                text4                               32A      32A       99         0
                text3                               12D      12D       46         0
                text2                               45D      45D       A3         0
                text1                               500      500       A3         0
                maintext                            211      211       87         0
                clrtext                             FC8      FC8        8         0
                idataBANK0                           36       36        5         0

        CLASS   STRCODE        

        CLASS   STRING         
                strings                               3        3       33         0

        CLASS   CONST          

        CLASS   ENTRY          

        CLASS   COMMON         
                cstackCOMMON                         70       70        E         1

        CLASS   BANK0          
                cstackBANK0                          20       20       28         1
                dataBANK0                            5F       5F        5         1
                bssBANK0                             48       48       17         1

        CLASS   BANK1          
                bssBANK1                             A0       A0       20         1

        CLASS   BANK2          

        CLASS   BANK3          

        CLASS   RAM            

        CLASS   ABS1           
                abs_s1                               7E       7E        2         1

        CLASS   SFR0           

        CLASS   SFR1           

        CLASS   SFR2           

        CLASS   SFR3           

        CLASS   CONFIG         
                config                             2007     2007        2         4

        CLASS   IDLOC          

        CLASS   EEDATA         

        CLASS   HEAP           

        CLASS   STACK          



SEGMENTS        Name                           Load    Length   Top    Selector   Space  Class     Delta

                reset_vec                      000000  000003  000003         0       0  CODE        2
                strings                        000003  000033  000036         6       0  STRING      2
                cstackBANK0                    000020  000044  000064        20       1  BANK0       1
                idataBANK0                     000036  000005  00003B        6C       0  CODE        2
                cstackCOMMON                   000070  00000E  00007E        70       1  COMMON      1
                text18                         00003B  000011  00004C        76       0  CODE        2
                text7                          00004C  000025  000071        98       0  CODE        2
                bssBANK1                       0000A0  000020  0000C0        A0       1  BANK1       1
                text11                         000071  000038  0000A9        E2       0  CODE        2
                text13                         0000A9  000042  0000EB       152       0  CODE        2
                text12                         0000EB  000042  00012D       1D6       0  CODE        2
                text3                          00012D  000046  000173       25A       0  CODE        2
                text5                          000173  000049  0001BC       2E6       0  CODE        2
                text16                         0001BC  000055  000211       378       0  CODE        2
                maintext                       000211  000087  000298       422       0  CODE        2
                text14                         000298  000092  00032A       530       0  CODE        2
                text4                          00032A  000099  0003C3       654       0  CODE        2
                text9                          0003C3  00009A  00045D       786       0  CODE        2
                text2                          00045D  0000A3  000500       8BA       0  CODE        2
                text1                          000500  0000A3  0005A3       A00       0  CODE        2
                text15                         0005A3  0000AC  00064F       B46       0  CODE        2
                text17                         00064F  0000BA  000709       C9E       0  CODE        2
                text8                          000709  0000C4  0007CD       E12       0  CODE        2
                cinit                          0007CD  000033  000800       F9A       0  CODE        2
                text10                         000FC7  000001  000FC8      1F8E       0  CODE        2
                clrtext                        000FC8  000008  000FD0      1F90       0  CODE        2
                text19                         000FD0  00000D  000FDD      1FA0       0  CODE        2
                text6                          000FDD  000023  001000      1FBA       0  CODE        2


UNUSED ADDRESS RANGES

        Name                Unused          Largest block    Delta
        BANK0            0064-006F              C           1
        BANK1            00C0-00EF             30           1
        BANK2            0110-016F             60           1
        BANK3            0190-01EF             60           1
        CODE             0800-0FC6            7C7           2
                         1000-1FFF            800
        CONST            0800-0FC6            100           2
                         1000-1FFF            100
        EEDATA           2100-21FF            100           2
        ENTRY            0800-0FC6            100           2
                         1000-1FFF            100
        IDLOC            2000-2003              4           2
        RAM              0064-006F              C           1
                         00C0-00EF             30
                         0110-016F             60
                         0190-01EF             60
        SFR0             0000-001F             20           1
        SFR1             0080-009F             20           1
        SFR2             0100-010F             10           1
        SFR3             0180-018F             10           1
        STRCODE          0800-0FC6            7C7           2
                         1000-1FFF           1000
        STRING           0800-0FC6            100           2
                         1000-1FFF            100

                                  Symbol Table

?_ADC_read               cstackCOMMON 0070
?___aldiv                cstackBANK0  0020
?___lmul                 cstackCOMMON 0070
?___lwdiv                cstackCOMMON 0070
?___lwmod                cstackCOMMON 0070
?_sprintf                cstackBANK0  0030
?_vfprintf               cstackBANK0  002C
LCD_Init@cmd             cstackCOMMON 007D
LCD_Init@display         cstackCOMMON 0076
LCD_Out@c                cstackCOMMON 0072
LCD_Write@c              cstackCOMMON 0075
LCD_putc@c               cstackCOMMON 0075
LCD_putrs@a              cstackCOMMON 0076
LCD_putrs@i              cstackCOMMON 007B
_ADCON0                  (abs)        001F
_ADCON1                  (abs)        009F
_ADC_Initialize          text19       0FD0
_ADC_read                text18       003B
_ADRESH                  (abs)        001E
_ADRESL                  (abs)        009E
_ANSEL                   (abs)        0188
_ANSELH                  (abs)        0189
_GO_nDONE                (abs)        00F9
_LCD_Init                text15       05A3
_LCD_Out                 text17       064F
_LCD_Write               text16       01BC
_LCD_putc                text14       0298
_LCD_putrs               text13       00A9
_OPTION_REG              (abs)        0081
_PORTA                   (abs)        0005
_PORTB                   (abs)        0006
_PORTBbits               (abs)        0006
_PORTC                   (abs)        0007
_TRISA                   (abs)        0085
_TRISB                   (abs)        0086
_TRISC                   (abs)        0087
__H__absolute__          __absolute__ 0000
__Habs1                  abs1         0000
__Hbank0                 bank0        0000
__Hbank1                 bank1        0000
__Hbank2                 bank2        0000
__Hbank3                 bank3        0000
__HbssBANK0              bssBANK0     0000
__HbssBANK1              bssBANK1     0000
__Hcinit                 cinit        0800
__Hclrtext               clrtext      0000
__Hcode                  code         0000
__Hcommon                common       0000
__Hconfig                config       2009
__HcstackBANK0           cstackBANK0  0000
__HcstackCOMMON          cstackCOMMON 0000
__HdataBANK0             dataBANK0    0000
__Heeprom_data           eeprom_data  0000
__Hend_init              end_init     0003
__Hfunctab               functab      0000
__Hheap                  heap         0000
__HidataBANK0            idataBANK0   0000
__Hinit                  init         0000
__Hintentry              intentry     0000
__Hmaintext              maintext     0000
__Hpowerup               powerup      0000
__Hram                   ram          0000
__Hreset_vec             reset_vec    0000
__Hsfr0                  sfr0         0000
__Hsfr1                  sfr1         0000
__Hsfr2                  sfr2         0000
__Hsfr3                  sfr3         0000
__Hsivt                  sivt         0000
__Hspace_0               (abs)        1000
__Hspace_1               (abs)        00C0
__Hspace_2               (abs)        0000
__Hspace_3               (abs)        0000
__Hspace_4               (abs)        4010
__Hstack                 stack        0000
__Hstrings               strings      0000
__Htext                  text         0000
__L__absolute__          __absolute__ 0000
__Labs1                  abs1         0000
__Lbank0                 bank0        0000
__Lbank1                 bank1        0000
__Lbank2                 bank2        0000
__Lbank3                 bank3        0000
__LbssBANK0              bssBANK0     0000
__LbssBANK1              bssBANK1     0000
__Lcinit                 cinit        07CD
__Lclrtext               clrtext      0000
__Lcode                  code         0000
__Lcommon                common       0000
__Lconfig                config       0000
__LcstackBANK0           cstackBANK0  0000
__LcstackCOMMON          cstackCOMMON 0000
__LdataBANK0             dataBANK0    0000
__Leeprom_data           eeprom_data  0000
__Lend_init              end_init     0000
__Lfunctab               functab      0000
__Lheap                  heap         0000
__LidataBANK0            idataBANK0   0000
__Linit                  init         0000
__Lintentry              intentry     0000
__Lmaintext              maintext     0000
__Lpowerup               powerup      0000
__Lram                   ram          0000
__Lreset_vec             reset_vec    0000
__Lsfr0                  sfr0         0000
__Lsfr1                  sfr1         0000
__Lsfr2                  sfr2         0000
__Lsfr3                  sfr3         0000
__Lsivt                  sivt         0000
__Lspace_0               (abs)        0000
__Lspace_1               (abs)        0000
__Lspace_2               (abs)        0000
__Lspace_3               (abs)        0000
__Lspace_4               (abs)        0000
__Lstack                 stack        0000
__Lstrings               strings      0000
__Ltext                  text         0000
__S0                     (abs)        1000
__S1                     (abs)        00C0
__S3                     (abs)        0000
___aldiv                 text4        032A
___aldiv@counter         cstackBANK0  0028
___aldiv@dividend        cstackBANK0  0024
___aldiv@divisor         cstackBANK0  0020
___aldiv@quotient        cstackBANK0  002A
___aldiv@sign            cstackBANK0  0029
___heap_hi               (abs)        0000
___heap_lo               (abs)        0000
___int_sp                stack        0000
___int_stack_hi          stack        0000
___int_stack_lo          stack        0000
___latbits               (abs)        0002
___lmul                  text3        012D
___lmul@multiplicand     cstackCOMMON 0074
___lmul@multiplier       cstackCOMMON 0070
___lmul@product          cstackCOMMON 0079
___lwdiv                 text12       00EB
___lwdiv@counter         cstackCOMMON 0076
___lwdiv@dividend        cstackCOMMON 0072
___lwdiv@divisor         cstackCOMMON 0070
___lwdiv@quotient        cstackCOMMON 0074
___lwmod                 text11       0071
___lwmod@counter         cstackCOMMON 0074
___lwmod@dividend        cstackCOMMON 0072
___lwmod@divisor         cstackCOMMON 0070
___sp                    stack        0000
___stack_hi              stack        0000
___stack_lo              stack        0000
___stackhi               (abs)        0000
___stacklo               (abs)        0000
__end_of_ADC_Initialize  text19       0FDD
__end_of_ADC_read        text18       004C
__end_of_LCD_Init        text15       064F
__end_of_LCD_Out         text17       0709
__end_of_LCD_Write       text16       0211
__end_of_LCD_putc        text14       032A
__end_of_LCD_putrs       text13       00EB
__end_of___aldiv         text4        03C3
__end_of___lmul          text3        0173
__end_of___lwdiv         text12       012D
__end_of___lwmod         text11       00A9
__end_of__initialization cinit        07FC
__end_of__stringtab      strings      0013
__end_of_fputc           text9        045D
__end_of_main            maintext     0298
__end_of_mil             text5        01BC
__end_of_porcentaje      text2        0500
__end_of_putch           text10       0FC8
__end_of_sprintf         text6        1000
__end_of_vfpfcnvrt       text8        07CD
__end_of_vfprintf        text7        0071
__end_of_volt            text1        05A3
__initialization         cinit        07CD
__pbssBANK0              bssBANK0     0048
__pbssBANK1              bssBANK1     00A0
__pcstackBANK0           cstackBANK0  0020
__pcstackCOMMON          cstackCOMMON 0070
__pdataBANK0             dataBANK0    005F
__pidataBANK0            idataBANK0   0036
__pmaintext              maintext     0211
__pstrings               strings      0003
__ptext1                 text1        0500
__ptext10                text10       0FC7
__ptext11                text11       0071
__ptext12                text12       00EB
__ptext13                text13       00A9
__ptext14                text14       0298
__ptext15                text15       05A3
__ptext16                text16       01BC
__ptext17                text17       064F
__ptext18                text18       003B
__ptext19                text19       0FD0
__ptext2                 text2        045D
__ptext3                 text3        012D
__ptext4                 text4        032A
__ptext5                 text5        0173
__ptext6                 text6        0FDD
__ptext7                 text7        004C
__ptext8                 text8        0709
__ptext9                 text9        03C3
__stringbase             strings      0012
__stringtab              strings      0003
_adc_result              bssBANK0     0052
_buffer                  bssBANK0     0055
_dbuf                    bssBANK1     00A0
_flags                   bssBANK0     0054
_fputc                   text9        03C3
_lcd                     dataBANK0    005F
_main                    maintext     0211
_mil                     text5        0173
_part_dec                bssBANK0     004C
_part_ent                bssBANK0     004E
_porcentaje              text2        045D
_prec                    bssBANK0     004A
_putch                   text10       0FC7
_sprintf                 text6        0FDD
_vfpfcnvrt               text8        0709
_vfprintf                text7        004C
_volt                    text1        0500
_voltaje                 bssBANK0     0050
_width                   bssBANK0     0048
btemp                    (abs)        007E
clear_ram0               clrtext      0FC8
end_of_initialization    cinit        07FC
fputc@c                  cstackCOMMON 0070
fputc@fp                 cstackCOMMON 0072
intlevel0                functab      0000
intlevel1                functab      0000
intlevel2                functab      0000
intlevel3                functab      0000
intlevel4                functab      0000
intlevel5                functab      0000
main@aux                 cstackBANK0  0046
reset_vec                reset_vec    0000
sprintf@ap               cstackBANK0  0037
sprintf@f                cstackBANK0  0038
sprintf@fmt              cstackBANK0  0031
sprintf@s                cstackBANK0  0030
start                    init         0000
start_initialization     cinit        07CD
vfpfcnvrt@ap             cstackBANK0  0023
vfpfcnvrt@c              cstackBANK0  002B
vfpfcnvrt@convarg        cstackBANK0  0026
vfpfcnvrt@cp             cstackBANK0  002A
vfpfcnvrt@fmt            cstackBANK0  0022
vfpfcnvrt@fp             cstackBANK0  0020
vfprintf@ap              cstackBANK0  002F
vfprintf@cfmt            cstackCOMMON 007D
vfprintf@fmt             cstackBANK0  002E
vfprintf@fp              cstackBANK0  002C
wtemp0                   (abs)        007E


MODULE INFORMATION

Module		Function		Class		Link	Load	Size
C:\Program Files\Microchip\xc8\v3.00\pic\sources\c99\common\nf_fputc.c
		_fputc         		CODE           	03C3	0000	154

C:\Program Files\Microchip\xc8\v3.00\pic\sources\c99\common\nf_fputc.c estimated size: 154

C:\Program Files\Microchip\xc8\v3.00\pic\sources\c99\common\nf_sprintf.c
		_sprintf       		CODE           	0FDD	0000	35

C:\Program Files\Microchip\xc8\v3.00\pic\sources\c99\common\nf_sprintf.c estimated size: 35

C:\Program Files\Microchip\xc8\v3.00\pic\sources\c99\common\lwmod.c
		___lwmod       		CODE           	0071	0000	56

C:\Program Files\Microchip\xc8\v3.00\pic\sources\c99\common\lwmod.c estimated size: 56

C:\Program Files\Microchip\xc8\v3.00\pic\sources\c99\common\putch.c
		_putch         		CODE           	0FC7	0000	1

C:\Program Files\Microchip\xc8\v3.00\pic\sources\c99\common\putch.c estimated size: 1

C:\Program Files\Microchip\xc8\v3.00\pic\sources\c99\common\Umul32.c
		___lmul        		CODE           	012D	0000	70

C:\Program Files\Microchip\xc8\v3.00\pic\sources\c99\common\Umul32.c estimated size: 70

shared
		__stringtab    		STRING         	0003	0000	16
		__initialization		CODE           	07CD	0000	47

shared estimated size: 63

lcd.c
		_LCD_Init      		CODE           	05A3	0000	172
		_LCD_Out       		CODE           	064F	0000	186
		_LCD_putc      		CODE           	0298	0000	146
		_LCD_putrs     		CODE           	00A9	0000	66
		_LCD_Write     		CODE           	01BC	0000	85

lcd.c estimated size: 655

C:\Program Files\Microchip\xc8\v3.00\pic\sources\c99\common\lwdiv.c
		___lwdiv       		CODE           	00EB	0000	66

C:\Program Files\Microchip\xc8\v3.00\pic\sources\c99\common\lwdiv.c estimated size: 66

main.c
		_porcentaje    		CODE           	045D	0000	163
		_mil           		CODE           	0173	0000	73
		_ADC_Initialize		CODE           	0FD0	0000	13
		_main          		CODE           	0211	0000	135
		_volt          		CODE           	0500	0000	163
		_ADC_read      		CODE           	003B	0000	17

main.c estimated size: 564

C:\Program Files\Microchip\xc8\v3.00\pic\sources\c99\common\aldiv.c
		___aldiv       		CODE           	032A	0000	153

C:\Program Files\Microchip\xc8\v3.00\pic\sources\c99\common\aldiv.c estimated size: 153

C:\Program Files\Microchip\xc8\v3.00\pic\sources\c99\common\doprnt.c
		_vfpfcnvrt     		CODE           	0709	0000	196
		_vfprintf      		CODE           	004C	0000	37

C:\Program Files\Microchip\xc8\v3.00\pic\sources\c99\common\doprnt.c estimated size: 233

