Microchip MPLAB XC8 Compiler V3.00

Linker command line:

-W-3 \
  --edf=C:/Users/daizp/.mchp_packs/Microchip/PIC16Fxxx_DFP/1.7.162/xc8\pic\dat\20250326211330_en.msgs \
  -cn -h+dist/default/debug\actServo.X.debug.sym \
  --cmf=dist/default/debug\actServo.X.debug.cmf -z -Q16F887 \
  -oC:\Users\daizp\AppData\Local\Temp\xcAseh8.\driver_tmp_3.o \
  --defsym=__MPLAB_BUILD=1 --fixupoverflow=error \
  -Mdist/default/debug/actServo.X.debug.map \
  --md=C:\Users\daizp\AppData\Local\Temp\xcAseh8.\driver_tmp_0.dat -E1 \
  -ver=XC8 Compiler -ACODE=00h-07FFhx4 -ASTRCODE=00h-01FFFh \
  -ASTRING=00h-0FFhx32 -ACONST=00h-0FFhx32 -AENTRY=00h-0FFhx32 \
  -ACOMMON=070h-07Fh -ABANK0=020h-06Fh -ABANK1=0A0h-0EFh \
  -ABANK2=0110h-016Fh -ABANK3=0190h-01EFh \
  -ARAM=020h-06Fh,0A0h-0EFh,0110h-016Fh,0190h-01EFh \
  -AABS1=020h-07Fh,0A0h-0EFh,0110h-016Fh,0190h-01EFh -ASFR0=00h-01Fh \
  -ASFR1=080h-09Fh -ASFR2=0100h-010Fh -ASFR3=0180h-018Fh \
  -ACONFIG=02007h-02008h -DCONFIG=2 -AIDLOC=02000h-02003h -DIDLOC=2 \
  -AEEDATA=00h-0FFh/02100h -peeprom_data=EEDATA -DEEDATA=2 -DCODE=2 \
  -DSTRCODE=2 -DSTRING=2 -DCONST=2 -DENTRY=2 \
  -preset_vec=00h,intentry,sivt,init,end_init -ppowerup=CODE -pcinit=CODE \
  -pfunctab=ENTRY -k \
  C:\Users\daizp\AppData\Local\Temp\xcAseh8.\driver_tmp_12.o \
  dist/default/debug\actServo.X.debug.o 

Object code version is 3.11

Machine type is 16F887



                Name                               Link     Load   Length Selector   Space Scale
C:\Users\daizp\AppData\Local\Temp\xcAseh8.\driver_tmp_12.o
                end_init                              0        0        3        0       0
                config                             2007     2007        2        0       4
dist/default/debug\actServo.X.debug.o
                cinit                               7FC      7FC        4      FF8       0
                config                             2007     2007        2        0       4
                text6                               71A      71A        D      E34       0
                text5                               737      737       11      E6E       0
                text4                               727      727       10      E4E       0
                text3                               714      714        6      E28       0
                text2                               76D      76D       42      EDA       0
                text1                               748      748       25      E90       0
                maintext                            7AF      7AF       4D      F5E       0
                cstackBANK0                          20       20        6       20       1
                cstackCOMMON                         70       70        D       70       1

TOTAL           Name                               Link     Load   Length     Space
        CLASS   CODE           
                end_init                              0        0        3         0
                cinit                               7FC      7FC        4         0
                text6                               71A      71A        D         0
                text5                               737      737       11         0
                text4                               727      727       10         0
                text3                               714      714        6         0
                text2                               76D      76D       42         0
                text1                               748      748       25         0
                maintext                            7AF      7AF       4D         0

        CLASS   STRCODE        

        CLASS   STRING         

        CLASS   CONST          

        CLASS   ENTRY          

        CLASS   COMMON         
                cstackCOMMON                         70       70        D         1

        CLASS   BANK0          
                cstackBANK0                          20       20        6         1

        CLASS   BANK1          

        CLASS   BANK2          

        CLASS   BANK3          

        CLASS   RAM            

        CLASS   ABS1           
                abs_s1                               7E       7E        2         1

        CLASS   SFR0           

        CLASS   SFR1           

        CLASS   SFR2           

        CLASS   SFR3           

        CLASS   CONFIG         
                config                             2007     2007        2         4

        CLASS   IDLOC          

        CLASS   EEDATA         

        CLASS   HEAP           

        CLASS   STACK          



SEGMENTS        Name                           Load    Length   Top    Selector   Space  Class     Delta

                reset_vec                      000000  000003  000003         0       0  CODE        2
                cstackBANK0                    000020  000006  000026        20       1  BANK0       1
                cstackCOMMON                   000070  00000D  00007D        70       1  COMMON      1
                text3                          000714  000006  00071A       E28       0  CODE        2
                text6                          00071A  00000D  000727       E34       0  CODE        2
                text4                          000727  000010  000737       E4E       0  CODE        2
                text5                          000737  000011  000748       E6E       0  CODE        2
                text1                          000748  000025  00076D       E90       0  CODE        2
                text2                          00076D  000042  0007AF       EDA       0  CODE        2
                maintext                       0007AF  00004D  0007FC       F5E       0  CODE        2
                cinit                          0007FC  000004  000800       FF8       0  CODE        2


UNUSED ADDRESS RANGES

        Name                Unused          Largest block    Delta
        BANK0            0026-006F             4A           1
        BANK1            00A0-00EF             50           1
        BANK2            0110-016F             60           1
        BANK3            0190-01EF             60           1
        CODE             0003-0713            711           2
                         0800-1FFF            800
        COMMON           007D-007D              1           1
        CONST            0003-0713            100           2
                         0800-1FFF            100
        EEDATA           2100-21FF            100           2
        ENTRY            0003-0713            100           2
                         0800-1FFF            100
        IDLOC            2000-2003              4           2
        RAM              0026-006F             4A           1
                         00A0-00EF             50
                         0110-016F             60
                         0190-01EF             60
        SFR0             0000-001F             20           1
        SFR1             0080-009F             20           1
        SFR2             0100-010F             10           1
        SFR3             0180-018F             10           1
        STRCODE          0003-0713            711           2
                         0800-1FFF           1800
        STRING           0003-0713            100           2
                         0800-1FFF            100

                                  Symbol Table

?_ADC_read               cstackCOMMON 0070
?___lwdiv                cstackCOMMON 0076
?___wmul                 cstackCOMMON 0070
PWM_val@intensidad       cstackCOMMON 0070
_ADCON0                  (abs)        001F
_ADCON1                  (abs)        009F
_ADC_initialize          text6        071A
_ADC_read                text5        0737
_ADRESH                  (abs)        001E
_ADRESL                  (abs)        009E
_ANSEL                   (abs)        0188
_CCP1CONbits             (abs)        0017
_CCPR1L                  (abs)        0015
_GO_nDONE                (abs)        00F9
_PR2                     (abs)        0092
_PWM_init                text4        0727
_PWM_val                 text3        0714
_T2CONbits               (abs)        0012
_TRISCbits               (abs)        0087
__H__absolute__          __absolute__ 0000
__Habs1                  abs1         0000
__Hbank0                 bank0        0000
__Hbank1                 bank1        0000
__Hbank2                 bank2        0000
__Hbank3                 bank3        0000
__Hcinit                 cinit        0800
__Hclrtext               clrtext      0000
__Hcode                  code         0000
__Hcommon                common       0000
__Hconfig                config       2009
__HcstackBANK0           cstackBANK0  0000
__HcstackCOMMON          cstackCOMMON 0000
__Heeprom_data           eeprom_data  0000
__Hend_init              end_init     0003
__Hfunctab               functab      0000
__Hheap                  heap         0000
__Hinit                  init         0000
__Hintentry              intentry     0000
__Hmaintext              maintext     0000
__Hpowerup               powerup      0000
__Hram                   ram          0000
__Hreset_vec             reset_vec    0000
__Hsfr0                  sfr0         0000
__Hsfr1                  sfr1         0000
__Hsfr2                  sfr2         0000
__Hsfr3                  sfr3         0000
__Hsivt                  sivt         0000
__Hspace_0               (abs)        0800
__Hspace_1               (abs)        007D
__Hspace_2               (abs)        0000
__Hspace_3               (abs)        0000
__Hspace_4               (abs)        4010
__Hstack                 stack        0000
__Hstrings               strings      0000
__Htext                  text         0000
__L__absolute__          __absolute__ 0000
__Labs1                  abs1         0000
__Lbank0                 bank0        0000
__Lbank1                 bank1        0000
__Lbank2                 bank2        0000
__Lbank3                 bank3        0000
__Lcinit                 cinit        07FC
__Lclrtext               clrtext      0000
__Lcode                  code         0000
__Lcommon                common       0000
__Lconfig                config       0000
__LcstackBANK0           cstackBANK0  0000
__LcstackCOMMON          cstackCOMMON 0000
__Leeprom_data           eeprom_data  0000
__Lend_init              end_init     0000
__Lfunctab               functab      0000
__Lheap                  heap         0000
__Linit                  init         0000
__Lintentry              intentry     0000
__Lmaintext              maintext     0000
__Lpowerup               powerup      0000
__Lram                   ram          0000
__Lreset_vec             reset_vec    0000
__Lsfr0                  sfr0         0000
__Lsfr1                  sfr1         0000
__Lsfr2                  sfr2         0000
__Lsfr3                  sfr3         0000
__Lsivt                  sivt         0000
__Lspace_0               (abs)        0000
__Lspace_1               (abs)        0000
__Lspace_2               (abs)        0000
__Lspace_3               (abs)        0000
__Lspace_4               (abs)        0000
__Lstack                 stack        0000
__Lstrings               strings      0000
__Ltext                  text         0000
__S0                     (abs)        0800
__S1                     (abs)        007D
__S3                     (abs)        0000
___heap_hi               (abs)        0000
___heap_lo               (abs)        0000
___int_sp                stack        0000
___int_stack_hi          stack        0000
___int_stack_lo          stack        0000
___latbits               (abs)        0002
___lwdiv                 text2        076D
___lwdiv@counter         cstackCOMMON 007C
___lwdiv@dividend        cstackCOMMON 0078
___lwdiv@divisor         cstackCOMMON 0076
___lwdiv@quotient        cstackCOMMON 007A
___sp                    stack        0000
___stack_hi              stack        0000
___stack_lo              stack        0000
___stackhi               (abs)        0000
___stacklo               (abs)        0000
___wmul                  text1        0748
___wmul@multiplicand     cstackCOMMON 0072
___wmul@multiplier       cstackCOMMON 0070
___wmul@product          cstackCOMMON 0074
__end_of_ADC_initialize  text6        0727
__end_of_ADC_read        text5        0748
__end_of_PWM_init        text4        0737
__end_of_PWM_val         text3        071A
__end_of___lwdiv         text2        07AF
__end_of___wmul          text1        076D
__end_of__initialization cinit        07FC
__end_of_main            maintext     07FC
__initialization         cinit        07FC
__pcstackBANK0           cstackBANK0  0020
__pcstackCOMMON          cstackCOMMON 0070
__pmaintext              maintext     07AF
__ptext1                 text1        0748
__ptext2                 text2        076D
__ptext3                 text3        0714
__ptext4                 text4        0727
__ptext5                 text5        0737
__ptext6                 text6        071A
_main                    maintext     07AF
btemp                    (abs)        007E
end_of_initialization    cinit        07FC
intlevel0                functab      0000
intlevel1                functab      0000
intlevel2                functab      0000
intlevel3                functab      0000
intlevel4                functab      0000
intlevel5                functab      0000
main@adc_result          cstackBANK0  0022
main@rotation            cstackBANK0  0024
reset_vec                reset_vec    0000
start                    init         0000
start_initialization     cinit        07FC
wtemp0                   (abs)        007E


MODULE INFORMATION

Module		Function		Class		Link	Load	Size
C:\Program Files\Microchip\xc8\v3.00\pic\sources\c99\common\Umul16.c
		___wmul        		CODE           	0748	0000	37

C:\Program Files\Microchip\xc8\v3.00\pic\sources\c99\common\Umul16.c estimated size: 37

shared
		__initialization		CODE           	07FC	0000	1

shared estimated size: 1

C:\Program Files\Microchip\xc8\v3.00\pic\sources\c99\common\lwdiv.c
		___lwdiv       		CODE           	076D	0000	66

C:\Program Files\Microchip\xc8\v3.00\pic\sources\c99\common\lwdiv.c estimated size: 66

main.c
		_PWM_val       		CODE           	0714	0000	6
		_main          		CODE           	07AF	0000	77
		_ADC_read      		CODE           	0737	0000	17
		_PWM_init      		CODE           	0727	0000	16
		_ADC_initialize		CODE           	071A	0000	13

main.c estimated size: 129

