Microchip MPLAB XC8 Compiler V3.00

Linker command line:

-W-3 \
  --edf=C:/Users/daizp/.mchp_packs/Microchip/PIC16Fxxx_DFP/1.7.162/xc8\pic\dat\20250326211330_en.msgs \
  -cn -h+dist/default/production\lecturaAnalogica.X.production.sym \
  --cmf=dist/default/production\lecturaAnalogica.X.production.cmf -z \
  -Q16F887 -oC:\Users\daizp\AppData\Local\Temp\xcAssuo.\driver_tmp_3.o \
  --defsym=__MPLAB_BUILD=1 --fixupoverflow=error \
  -Mdist/default/production/lecturaAnalogica.X.production.map \
  --md=C:\Users\daizp\AppData\Local\Temp\xcAssuo.\driver_tmp_0.dat -E1 \
  -ver=XC8 Compiler -ACODE=00h-07FFhx4 -ASTRCODE=00h-01FFFh \
  -ASTRING=00h-0FFhx32 -ACONST=00h-0FFhx32 -AENTRY=00h-0FFhx32 \
  -ACOMMON=070h-07Fh -ABANK0=020h-06Fh -ABANK1=0A0h-0EFh \
  -ABANK2=0110h-016Fh -ABANK3=0190h-01EFh \
  -ARAM=020h-06Fh,0A0h-0EFh,0110h-016Fh,0190h-01EFh \
  -AABS1=020h-07Fh,0A0h-0EFh,0110h-016Fh,0190h-01EFh -ASFR0=00h-01Fh \
  -ASFR1=080h-09Fh -ASFR2=0100h-010Fh -ASFR3=0180h-018Fh \
  -ACONFIG=02007h-02008h -DCONFIG=2 -AIDLOC=02000h-02003h -DIDLOC=2 \
  -AEEDATA=00h-0FFh/02100h -peeprom_data=EEDATA -DEEDATA=2 -DCODE=2 \
  -DSTRCODE=2 -DSTRING=2 -DCONST=2 -DENTRY=2 \
  -preset_vec=00h,intentry,sivt,init,end_init -ppowerup=CODE -pcinit=CODE \
  -pfunctab=ENTRY -k \
  C:\Users\daizp\AppData\Local\Temp\xcAssuo.\driver_tmp_17.o \
  dist/default/production\lecturaAnalogica.X.production.o 

Object code version is 3.11

Machine type is 16F887



                Name                               Link     Load   Length Selector   Space Scale
C:\Users\daizp\AppData\Local\Temp\xcAssuo.\driver_tmp_17.o
                end_init                              0        0        3        0       0
                config                             2007     2007        2        0       4
dist/default/production\lecturaAnalogica.X.production.o
                cinit                               7D0      7D0       30      FA0       0
                config                             2007     2007        2        0       4
                text16                              14D      14D        D      29A       0
                text15                              15A      15A       11      2B4       0
                text14                              57B      57B       BA      AF6       0
                text13                              2B5      2B5       55      56A       0
                text12                              4CF      4CF       AC      99E       0
                text11                              30A      30A       92      614       0
                text10                              1EB      1EB       42      3D6       0
                text9                               39C      39C       99      738       0
                text8                               26F      26F       46      4DE       0
                text7                               22D      22D       42      45A       0
                text6                               1B3      1B3       38      366       0
                text5                               13F      13F        1      27E       0
                text4                               435      435       9A      86A       0
                text3                               635      635       C4      C6A       0
                text2                               18E      18E       25      31C       0
                text1                               16B      16B       23      2D6       0
                maintext                            6F9      6F9       D7      DF2       0
                cstackBANK0                          20       20       38       20       1
                cstackCOMMON                         70       70        E       70       1
                clrtext                             145      145        8      28A       0
                bssBANK1                             A0       A0       20       A0       1
                dataBANK0                            5D       5D        5       20       1
                bssBANK0                             58       58        5       20       1
                strings                               3        3       20        6       0
                idataBANK0                          140      140        5      280       0

TOTAL           Name                               Link     Load   Length     Space
        CLASS   CODE           
                end_init                              0        0        3         0
                cinit                               7D0      7D0       30         0
                text16                              14D      14D        D         0
                text15                              15A      15A       11         0
                text14                              57B      57B       BA         0
                text13                              2B5      2B5       55         0
                text12                              4CF      4CF       AC         0
                text11                              30A      30A       92         0
                text10                              1EB      1EB       42         0
                text9                               39C      39C       99         0
                text8                               26F      26F       46         0
                text7                               22D      22D       42         0
                text6                               1B3      1B3       38         0
                text5                               13F      13F        1         0
                text4                               435      435       9A         0
                text3                               635      635       C4         0
                text2                               18E      18E       25         0
                text1                               16B      16B       23         0
                maintext                            6F9      6F9       D7         0
                clrtext                             145      145        8         0
                idataBANK0                          140      140        5         0

        CLASS   STRCODE        

        CLASS   STRING         
                strings                               3        3       20         0

        CLASS   CONST          

        CLASS   ENTRY          

        CLASS   COMMON         
                cstackCOMMON                         70       70        E         1

        CLASS   BANK0          
                cstackBANK0                          20       20       38         1
                dataBANK0                            5D       5D        5         1
                bssBANK0                             58       58        5         1

        CLASS   BANK1          
                bssBANK1                             A0       A0       20         1

        CLASS   BANK2          

        CLASS   BANK3          

        CLASS   RAM            

        CLASS   ABS1           
                abs_s1                               7E       7E        2         1

        CLASS   SFR0           

        CLASS   SFR1           

        CLASS   SFR2           

        CLASS   SFR3           

        CLASS   CONFIG         
                config                             2007     2007        2         4

        CLASS   IDLOC          

        CLASS   EEDATA         

        CLASS   HEAP           

        CLASS   STACK          



SEGMENTS        Name                           Load    Length   Top    Selector   Space  Class     Delta

                reset_vec                      000000  000003  000003         0       0  CODE        2
                strings                        000003  000020  000023         6       0  STRING      2
                cstackBANK0                    000020  000042  000062        20       1  BANK0       1
                cstackCOMMON                   000070  00000E  00007E        70       1  COMMON      1
                bssBANK1                       0000A0  000020  0000C0        A0       1  BANK1       1
                text5                          00013F  000001  000140       27E       0  CODE        2
                idataBANK0                     000140  000005  000145       280       0  CODE        2
                clrtext                        000145  000008  00014D       28A       0  CODE        2
                text16                         00014D  00000D  00015A       29A       0  CODE        2
                text15                         00015A  000011  00016B       2B4       0  CODE        2
                text1                          00016B  000023  00018E       2D6       0  CODE        2
                text2                          00018E  000025  0001B3       31C       0  CODE        2
                text6                          0001B3  000038  0001EB       366       0  CODE        2
                text10                         0001EB  000042  00022D       3D6       0  CODE        2
                text7                          00022D  000042  00026F       45A       0  CODE        2
                text8                          00026F  000046  0002B5       4DE       0  CODE        2
                text13                         0002B5  000055  00030A       56A       0  CODE        2
                text11                         00030A  000092  00039C       614       0  CODE        2
                text9                          00039C  000099  000435       738       0  CODE        2
                text4                          000435  00009A  0004CF       86A       0  CODE        2
                text12                         0004CF  0000AC  00057B       99E       0  CODE        2
                text14                         00057B  0000BA  000635       AF6       0  CODE        2
                text3                          000635  0000C4  0006F9       C6A       0  CODE        2
                maintext                       0006F9  0000D7  0007D0       DF2       0  CODE        2
                cinit                          0007D0  000030  000800       FA0       0  CODE        2


UNUSED ADDRESS RANGES

        Name                Unused          Largest block    Delta
        BANK0            0062-006F              E           1
        BANK1            00C0-00EF             30           1
        BANK2            0110-016F             60           1
        BANK3            0190-01EF             60           1
        CODE             0023-013E            11C           2
                         0800-1FFF            800
        CONST            0023-013E             DD           2
                         0800-1FFF            100
        EEDATA           2100-21FF            100           2
        ENTRY            0023-013E             DD           2
                         0800-1FFF            100
        IDLOC            2000-2003              4           2
        RAM              0062-006F              E           1
                         00C0-00EF             30
                         0110-016F             60
                         0190-01EF             60
        SFR0             0000-001F             20           1
        SFR1             0080-009F             20           1
        SFR2             0100-010F             10           1
        SFR3             0180-018F             10           1
        STRCODE          0023-013E            11C           2
                         0800-1FFF           1800
        STRING           0023-013E             DD           2
                         0800-1FFF            100

                                  Symbol Table

?_ADC_read               cstackCOMMON 0070
?___aldiv                cstackBANK0  0020
?___lmul                 cstackCOMMON 0070
?___lwdiv                cstackCOMMON 0070
?___lwmod                cstackCOMMON 0070
?_sprintf                cstackBANK0  0030
?_vfprintf               cstackBANK0  002C
LCD_Init@cmd             cstackCOMMON 007D
LCD_Init@display         cstackCOMMON 0076
LCD_Out@c                cstackCOMMON 0072
LCD_Write@c              cstackCOMMON 0075
LCD_putc@c               cstackCOMMON 0075
LCD_putrs@a              cstackCOMMON 0076
LCD_putrs@i              cstackCOMMON 007B
_ADCON0                  (abs)        001F
_ADCON1                  (abs)        009F
_ADC_initialize          text16       014D
_ADC_read                text15       015A
_ADRESH                  (abs)        001E
_ADRESL                  (abs)        009E
_ANSEL                   (abs)        0188
_GO_nDONE                (abs)        00F9
_LCD_Init                text12       04CF
_LCD_Out                 text14       057B
_LCD_Write               text13       02B5
_LCD_putc                text11       030A
_LCD_putrs               text10       01EB
_PORTA                   (abs)        0005
_PORTB                   (abs)        0006
_PORTC                   (abs)        0007
_TRISA                   (abs)        0085
_TRISB                   (abs)        0086
_TRISC                   (abs)        0087
__H__absolute__          __absolute__ 0000
__Habs1                  abs1         0000
__Hbank0                 bank0        0000
__Hbank1                 bank1        0000
__Hbank2                 bank2        0000
__Hbank3                 bank3        0000
__HbssBANK0              bssBANK0     0000
__HbssBANK1              bssBANK1     0000
__Hcinit                 cinit        0800
__Hclrtext               clrtext      0000
__Hcode                  code         0000
__Hcommon                common       0000
__Hconfig                config       2009
__HcstackBANK0           cstackBANK0  0000
__HcstackCOMMON          cstackCOMMON 0000
__HdataBANK0             dataBANK0    0000
__Heeprom_data           eeprom_data  0000
__Hend_init              end_init     0003
__Hfunctab               functab      0000
__Hheap                  heap         0000
__HidataBANK0            idataBANK0   0000
__Hinit                  init         0000
__Hintentry              intentry     0000
__Hmaintext              maintext     0000
__Hpowerup               powerup      0000
__Hram                   ram          0000
__Hreset_vec             reset_vec    0000
__Hsfr0                  sfr0         0000
__Hsfr1                  sfr1         0000
__Hsfr2                  sfr2         0000
__Hsfr3                  sfr3         0000
__Hsivt                  sivt         0000
__Hspace_0               (abs)        0800
__Hspace_1               (abs)        00C0
__Hspace_2               (abs)        0000
__Hspace_3               (abs)        0000
__Hspace_4               (abs)        4010
__Hstack                 stack        0000
__Hstrings               strings      0000
__Htext                  text         0000
__L__absolute__          __absolute__ 0000
__Labs1                  abs1         0000
__Lbank0                 bank0        0000
__Lbank1                 bank1        0000
__Lbank2                 bank2        0000
__Lbank3                 bank3        0000
__LbssBANK0              bssBANK0     0000
__LbssBANK1              bssBANK1     0000
__Lcinit                 cinit        07D0
__Lclrtext               clrtext      0000
__Lcode                  code         0000
__Lcommon                common       0000
__Lconfig                config       0000
__LcstackBANK0           cstackBANK0  0000
__LcstackCOMMON          cstackCOMMON 0000
__LdataBANK0             dataBANK0    0000
__Leeprom_data           eeprom_data  0000
__Lend_init              end_init     0000
__Lfunctab               functab      0000
__Lheap                  heap         0000
__LidataBANK0            idataBANK0   0000
__Linit                  init         0000
__Lintentry              intentry     0000
__Lmaintext              maintext     0000
__Lpowerup               powerup      0000
__Lram                   ram          0000
__Lreset_vec             reset_vec    0000
__Lsfr0                  sfr0         0000
__Lsfr1                  sfr1         0000
__Lsfr2                  sfr2         0000
__Lsfr3                  sfr3         0000
__Lsivt                  sivt         0000
__Lspace_0               (abs)        0000
__Lspace_1               (abs)        0000
__Lspace_2               (abs)        0000
__Lspace_3               (abs)        0000
__Lspace_4               (abs)        0000
__Lstack                 stack        0000
__Lstrings               strings      0000
__Ltext                  text         0000
__S0                     (abs)        0800
__S1                     (abs)        00C0
__S3                     (abs)        0000
___aldiv                 text9        039C
___aldiv@counter         cstackBANK0  0028
___aldiv@dividend        cstackBANK0  0024
___aldiv@divisor         cstackBANK0  0020
___aldiv@quotient        cstackBANK0  002A
___aldiv@sign            cstackBANK0  0029
___heap_hi               (abs)        0000
___heap_lo               (abs)        0000
___int_sp                stack        0000
___int_stack_hi          stack        0000
___int_stack_lo          stack        0000
___latbits               (abs)        0002
___lmul                  text8        026F
___lmul@multiplicand     cstackCOMMON 0074
___lmul@multiplier       cstackCOMMON 0070
___lmul@product          cstackCOMMON 0079
___lwdiv                 text7        022D
___lwdiv@counter         cstackCOMMON 0076
___lwdiv@dividend        cstackCOMMON 0072
___lwdiv@divisor         cstackCOMMON 0070
___lwdiv@quotient        cstackCOMMON 0074
___lwmod                 text6        01B3
___lwmod@counter         cstackCOMMON 0074
___lwmod@dividend        cstackCOMMON 0072
___lwmod@divisor         cstackCOMMON 0070
___sp                    stack        0000
___stack_hi              stack        0000
___stack_lo              stack        0000
___stackhi               (abs)        0000
___stacklo               (abs)        0000
__end_of_ADC_initialize  text16       015A
__end_of_ADC_read        text15       016B
__end_of_LCD_Init        text12       057B
__end_of_LCD_Out         text14       0635
__end_of_LCD_Write       text13       030A
__end_of_LCD_putc        text11       039C
__end_of_LCD_putrs       text10       022D
__end_of___aldiv         text9        0435
__end_of___lmul          text8        02B5
__end_of___lwdiv         text7        026F
__end_of___lwmod         text6        01EB
__end_of__initialization cinit        07FC
__end_of__stringtab      strings      0013
__end_of_fputc           text4        04CF
__end_of_main            maintext     07D0
__end_of_putch           text5        0140
__end_of_sprintf         text1        018E
__end_of_vfpfcnvrt       text3        06F9
__end_of_vfprintf        text2        01B3
__initialization         cinit        07D0
__pbssBANK0              bssBANK0     0058
__pbssBANK1              bssBANK1     00A0
__pcstackBANK0           cstackBANK0  0020
__pcstackCOMMON          cstackCOMMON 0070
__pdataBANK0             dataBANK0    005D
__pidataBANK0            idataBANK0   0140
__pmaintext              maintext     06F9
__pstrings               strings      0003
__ptext1                 text1        016B
__ptext10                text10       01EB
__ptext11                text11       030A
__ptext12                text12       04CF
__ptext13                text13       02B5
__ptext14                text14       057B
__ptext15                text15       015A
__ptext16                text16       014D
__ptext2                 text2        018E
__ptext3                 text3        0635
__ptext4                 text4        0435
__ptext5                 text5        013F
__ptext6                 text6        01B3
__ptext7                 text7        022D
__ptext8                 text8        026F
__ptext9                 text9        039C
__stringbase             strings      0012
__stringtab              strings      0003
_dbuf                    bssBANK1     00A0
_flags                   bssBANK0     005C
_fputc                   text4        0435
_lcd                     dataBANK0    005D
_main                    maintext     06F9
_prec                    bssBANK0     005A
_putch                   text5        013F
_sprintf                 text1        016B
_vfpfcnvrt               text3        0635
_vfprintf                text2        018E
_width                   bssBANK0     0058
btemp                    (abs)        007E
clear_ram0               clrtext      0145
end_of_initialization    cinit        07FC
fputc@c                  cstackCOMMON 0070
fputc@fp                 cstackCOMMON 0072
intlevel0                functab      0000
intlevel1                functab      0000
intlevel2                functab      0000
intlevel3                functab      0000
intlevel4                functab      0000
intlevel5                functab      0000
main@adc_result          cstackBANK0  0050
main@buffer              cstackBANK0  0046
main@part_dec            cstackBANK0  0054
main@part_ent            cstackBANK0  0052
main@voltaje             cstackBANK0  0056
reset_vec                reset_vec    0000
sprintf@ap               cstackBANK0  0037
sprintf@f                cstackBANK0  0038
sprintf@fmt              cstackBANK0  0031
sprintf@s                cstackBANK0  0030
start                    init         0000
start_initialization     cinit        07D0
vfpfcnvrt@ap             cstackBANK0  0023
vfpfcnvrt@c              cstackBANK0  002B
vfpfcnvrt@convarg        cstackBANK0  0026
vfpfcnvrt@cp             cstackBANK0  002A
vfpfcnvrt@fmt            cstackBANK0  0022
vfpfcnvrt@fp             cstackBANK0  0020
vfprintf@ap              cstackBANK0  002F
vfprintf@cfmt            cstackCOMMON 007D
vfprintf@fmt             cstackBANK0  002E
vfprintf@fp              cstackBANK0  002C
wtemp0                   (abs)        007E


MODULE INFORMATION

Module		Function		Class		Link	Load	Size
C:\Program Files\Microchip\xc8\v3.00\pic\sources\c99\common\nf_fputc.c
		_fputc         		CODE           	0435	0000	154

C:\Program Files\Microchip\xc8\v3.00\pic\sources\c99\common\nf_fputc.c estimated size: 154

C:\Program Files\Microchip\xc8\v3.00\pic\sources\c99\common\nf_sprintf.c
		_sprintf       		CODE           	016B	0000	35

C:\Program Files\Microchip\xc8\v3.00\pic\sources\c99\common\nf_sprintf.c estimated size: 35

C:\Program Files\Microchip\xc8\v3.00\pic\sources\c99\common\lwmod.c
		___lwmod       		CODE           	01B3	0000	56

C:\Program Files\Microchip\xc8\v3.00\pic\sources\c99\common\lwmod.c estimated size: 56

C:\Program Files\Microchip\xc8\v3.00\pic\sources\c99\common\putch.c
		_putch         		CODE           	013F	0000	1

C:\Program Files\Microchip\xc8\v3.00\pic\sources\c99\common\putch.c estimated size: 1

C:\Program Files\Microchip\xc8\v3.00\pic\sources\c99\common\Umul32.c
		___lmul        		CODE           	026F	0000	70

C:\Program Files\Microchip\xc8\v3.00\pic\sources\c99\common\Umul32.c estimated size: 70

shared
		__stringtab    		STRING         	0003	0000	16
		__initialization		CODE           	07D0	0000	44

shared estimated size: 60

lcd.c
		_LCD_Init      		CODE           	04CF	0000	172
		_LCD_Out       		CODE           	057B	0000	186
		_LCD_putc      		CODE           	030A	0000	146
		_LCD_putrs     		CODE           	01EB	0000	66
		_LCD_Write     		CODE           	02B5	0000	85

lcd.c estimated size: 655

C:\Program Files\Microchip\xc8\v3.00\pic\sources\c99\common\lwdiv.c
		___lwdiv       		CODE           	022D	0000	66

C:\Program Files\Microchip\xc8\v3.00\pic\sources\c99\common\lwdiv.c estimated size: 66

main.c
		_main          		CODE           	06F9	0000	215
		_ADC_read      		CODE           	015A	0000	17
		_ADC_initialize		CODE           	014D	0000	13

main.c estimated size: 245

C:\Program Files\Microchip\xc8\v3.00\pic\sources\c99\common\aldiv.c
		___aldiv       		CODE           	039C	0000	153

C:\Program Files\Microchip\xc8\v3.00\pic\sources\c99\common\aldiv.c estimated size: 153

C:\Program Files\Microchip\xc8\v3.00\pic\sources\c99\common\doprnt.c
		_vfpfcnvrt     		CODE           	0635	0000	196
		_vfprintf      		CODE           	018E	0000	37

C:\Program Files\Microchip\xc8\v3.00\pic\sources\c99\common\doprnt.c estimated size: 233

