Microchip MPLAB XC8 Compiler V3.00

Linker command line:

-W-3 \
  --edf=C:/Users/daizp/.mchp_packs/Microchip/PIC16Fxxx_DFP/1.7.162/xc8\pic\dat\20250326211330_en.msgs \
  -cn -h+dist/default/production\practicaVariasAnalogicas.X.production.sym \
  --cmf=dist/default/production\practicaVariasAnalogicas.X.production.cmf \
  -z -Q16F887 -oC:\Users\daizp\AppData\Local\Temp\xcAsub8.\driver_tmp_3.o \
  --defsym=__MPLAB_BUILD=1 --fixupoverflow=error \
  -Mdist/default/production/practicaVariasAnalogicas.X.production.map \
  --md=C:\Users\daizp\AppData\Local\Temp\xcAsub8.\driver_tmp_0.dat -E1 \
  -ver=XC8 Compiler -ACODE=00h-07FFhx4 -ASTRCODE=00h-01FFFh \
  -ASTRING=00h-0FFhx32 -ACONST=00h-0FFhx32 -AENTRY=00h-0FFhx32 \
  -ACOMMON=070h-07Fh -ABANK0=020h-06Fh -ABANK1=0A0h-0EFh \
  -ABANK2=0110h-016Fh -ABANK3=0190h-01EFh \
  -ARAM=020h-06Fh,0A0h-0EFh,0110h-016Fh,0190h-01EFh \
  -AABS1=020h-07Fh,0A0h-0EFh,0110h-016Fh,0190h-01EFh -ASFR0=00h-01Fh \
  -ASFR1=080h-09Fh -ASFR2=0100h-010Fh -ASFR3=0180h-018Fh \
  -ACONFIG=02007h-02008h -DCONFIG=2 -AIDLOC=02000h-02003h -DIDLOC=2 \
  -AEEDATA=00h-0FFh/02100h -peeprom_data=EEDATA -DEEDATA=2 -DCODE=2 \
  -DSTRCODE=2 -DSTRING=2 -DCONST=2 -DENTRY=2 \
  -preset_vec=00h,intentry,sivt,init,end_init -ppowerup=CODE -pcinit=CODE \
  -pfunctab=ENTRY -k \
  C:\Users\daizp\AppData\Local\Temp\xcAsub8.\driver_tmp_17.o \
  dist/default/production\practicaVariasAnalogicas.X.production.o 

Object code version is 3.11

Machine type is 16F887



                Name                               Link     Load   Length Selector   Space Scale
C:\Users\daizp\AppData\Local\Temp\xcAsub8.\driver_tmp_17.o
                end_init                              0        0        3        0       0
                config                             2007     2007        2        0       4
dist/default/production\practicaVariasAnalogicas.X.production.o
                cinit                               7DE      7DE       22      FBC       0
                config                             2007     2007        2        0       4
                text20                               3F       3F        D       7E       0
                text19                              F73      F73       29     1EE6       0
                text18                              584      584       BA      B08       0
                text17                              174      174       55      2E8       0
                text16                              4D8      4D8       AC      9B0       0
                text15                              1C9      1C9       92      392       0
                text14                               5F       5F       42       BE       0
                text13                               A1       A1       42      142       0
                text12                              FC8      FC8       38     1F90       0
                text11                              F17      F17        1     1E2E       0
                text10                              2F4      2F4       9A      5E8       0
                text9                               63E      63E       C4      C7C       0
                text8                               F4E      F4E       25     1E9C       0
                text7                               F2B      F2B       23     1E56       0
                text6                               129      129       4B      252       0
                text5                               25B      25B       99      4B6       0
                text4                                E3       E3       46      1C6       0
                text3                               38E      38E       A5      71C       0
                text2                               433      433       A5      866       0
                text1                               F9C      F9C       2C     1F38       0
                maintext                            702      702       DC      E04       0
                cstackBANK0                          20       20       2B       20       1
                cstackCOMMON                         70       70        E       70       1
                clrtext                             F18      F18        8     1E30       0
                inittext                             4C       4C       13       98       0
                bssBANK1                             A0       A0       34       A0       1
                dataBANK0                            62       62        B       20       1
                bssBANK0                             4B       4B       17       20       1
                strings                               3        3       3C        6       0
                idataBANK0                          F20      F20        B     1E40       0

TOTAL           Name                               Link     Load   Length     Space
        CLASS   CODE           
                end_init                              0        0        3         0
                cinit                               7DE      7DE       22         0
                text20                               3F       3F        D         0
                text19                              F73      F73       29         0
                text18                              584      584       BA         0
                text17                              174      174       55         0
                text16                              4D8      4D8       AC         0
                text15                              1C9      1C9       92         0
                text14                               5F       5F       42         0
                text13                               A1       A1       42         0
                text12                              FC8      FC8       38         0
                text11                              F17      F17        1         0
                text10                              2F4      2F4       9A         0
                text9                               63E      63E       C4         0
                text8                               F4E      F4E       25         0
                text7                               F2B      F2B       23         0
                text6                               129      129       4B         0
                text5                               25B      25B       99         0
                text4                                E3       E3       46         0
                text3                               38E      38E       A5         0
                text2                               433      433       A5         0
                text1                               F9C      F9C       2C         0
                maintext                            702      702       DC         0
                clrtext                             F18      F18        8         0
                inittext                             4C       4C       13         0
                idataBANK0                          F20      F20        B         0

        CLASS   STRCODE        

        CLASS   STRING         
                strings                               3        3       3C         0

        CLASS   CONST          

        CLASS   ENTRY          

        CLASS   COMMON         
                cstackCOMMON                         70       70        E         1

        CLASS   BANK0          
                cstackBANK0                          20       20       2B         1
                dataBANK0                            62       62        B         1
                bssBANK0                             4B       4B       17         1

        CLASS   BANK1          
                bssBANK1                             A0       A0       34         1

        CLASS   BANK2          

        CLASS   BANK3          

        CLASS   RAM            

        CLASS   ABS1           
                abs_s1                               7E       7E        2         1

        CLASS   SFR0           

        CLASS   SFR1           

        CLASS   SFR2           

        CLASS   SFR3           

        CLASS   CONFIG         
                config                             2007     2007        2         4

        CLASS   IDLOC          

        CLASS   EEDATA         

        CLASS   HEAP           

        CLASS   STACK          



SEGMENTS        Name                           Load    Length   Top    Selector   Space  Class     Delta

                reset_vec                      000000  000003  000003         0       0  CODE        2
                strings                        000003  00003C  00003F         6       0  STRING      2
                cstackBANK0                    000020  00004D  00006D        20       1  BANK0       1
                cstackCOMMON                   000070  00000E  00007E        70       1  COMMON      1
                text20                         00003F  00000D  00004C        7E       0  CODE        2
                inittext                       00004C  000013  00005F        98       0  CODE        2
                bssBANK1                       0000A0  000034  0000D4        A0       1  BANK1       1
                text14                         00005F  000042  0000A1        BE       0  CODE        2
                text13                         0000A1  000042  0000E3       142       0  CODE        2
                text4                          0000E3  000046  000129       1C6       0  CODE        2
                text6                          000129  00004B  000174       252       0  CODE        2
                text17                         000174  000055  0001C9       2E8       0  CODE        2
                text15                         0001C9  000092  00025B       392       0  CODE        2
                text5                          00025B  000099  0002F4       4B6       0  CODE        2
                text10                         0002F4  00009A  00038E       5E8       0  CODE        2
                text3                          00038E  0000A5  000433       71C       0  CODE        2
                text2                          000433  0000A5  0004D8       866       0  CODE        2
                text16                         0004D8  0000AC  000584       9B0       0  CODE        2
                text18                         000584  0000BA  00063E       B08       0  CODE        2
                text9                          00063E  0000C4  000702       C7C       0  CODE        2
                maintext                       000702  0000DC  0007DE       E04       0  CODE        2
                cinit                          0007DE  000022  000800       FBC       0  CODE        2
                text11                         000F17  000001  000F18      1E2E       0  CODE        2
                clrtext                        000F18  000008  000F20      1E30       0  CODE        2
                idataBANK0                     000F20  00000B  000F2B      1E40       0  CODE        2
                text7                          000F2B  000023  000F4E      1E56       0  CODE        2
                text8                          000F4E  000025  000F73      1E9C       0  CODE        2
                text19                         000F73  000029  000F9C      1EE6       0  CODE        2
                text1                          000F9C  00002C  000FC8      1F38       0  CODE        2
                text12                         000FC8  000038  001000      1F90       0  CODE        2


UNUSED ADDRESS RANGES

        Name                Unused          Largest block    Delta
        BANK0            006D-006F              3           1
        BANK1            00D4-00EF             1C           1
        BANK2            0110-016F             60           1
        BANK3            0190-01EF             60           1
        CODE             0800-0F16            717           2
                         1000-1FFF            800
        CONST            0800-0F16            100           2
                         1000-1FFF            100
        EEDATA           2100-21FF            100           2
        ENTRY            0800-0F16            100           2
                         1000-1FFF            100
        IDLOC            2000-2003              4           2
        RAM              006D-006F              3           1
                         00D4-00EF             1C
                         0110-016F             60
                         0190-01EF             60
        SFR0             0000-001F             20           1
        SFR1             0080-009F             20           1
        SFR2             0100-010F             10           1
        SFR3             0180-018F             10           1
        STRCODE          0800-0F16            717           2
                         1000-1FFF           1000
        STRING           0800-0F16            100           2
                         1000-1FFF            100

                                  Symbol Table

?_ADC_read               cstackCOMMON 0070
?___aldiv                cstackBANK0  0020
?___lmul                 cstackCOMMON 0070
?___lwdiv                cstackCOMMON 0070
?___lwmod                cstackCOMMON 0070
?_sprintf                cstackBANK0  0030
?_vfprintf               cstackBANK0  002C
ADC_read@ch              cstackCOMMON 0070
LCD_Init@cmd             cstackCOMMON 007D
LCD_Init@display         cstackCOMMON 0076
LCD_Out@c                cstackCOMMON 0072
LCD_Write@c              cstackCOMMON 0075
LCD_putc@c               cstackCOMMON 0075
LCD_putrs@a              cstackCOMMON 0076
LCD_putrs@i              cstackCOMMON 007B
_ADCON0                  (abs)        001F
_ADCON1                  (abs)        009F
_ADC_init                text20       003F
_ADC_read                text19       0F73
_ADRESH                  (abs)        001E
_ADRESL                  (abs)        009E
_ANSEL                   (abs)        0188
_ANSELH                  (abs)        0189
_GO_nDONE                (abs)        00F9
_LCD_Init                text16       04D8
_LCD_Out                 text18       0584
_LCD_Write               text17       0174
_LCD_putc                text15       01C9
_LCD_putrs               text14       005F
_OPTION_REG              (abs)        0081
_PORTA                   (abs)        0005
_PORTB                   (abs)        0006
_PORTBbits               (abs)        0006
_PORTC                   (abs)        0007
_TRISA                   (abs)        0085
_TRISB                   (abs)        0086
_TRISC                   (abs)        0087
__H__absolute__          __absolute__ 0000
__Habs1                  abs1         0000
__Hbank0                 bank0        0000
__Hbank1                 bank1        0000
__Hbank2                 bank2        0000
__Hbank3                 bank3        0000
__HbssBANK0              bssBANK0     0000
__HbssBANK1              bssBANK1     0000
__Hcinit                 cinit        0800
__Hclrtext               clrtext      0000
__Hcode                  code         0000
__Hcommon                common       0000
__Hconfig                config       2009
__HcstackBANK0           cstackBANK0  0000
__HcstackCOMMON          cstackCOMMON 0000
__HdataBANK0             dataBANK0    0000
__Heeprom_data           eeprom_data  0000
__Hend_init              end_init     0003
__Hfunctab               functab      0000
__Hheap                  heap         0000
__HidataBANK0            idataBANK0   0000
__Hinit                  init         0000
__Hinittext              inittext     0000
__Hintentry              intentry     0000
__Hmaintext              maintext     0000
__Hpowerup               powerup      0000
__Hram                   ram          0000
__Hreset_vec             reset_vec    0000
__Hsfr0                  sfr0         0000
__Hsfr1                  sfr1         0000
__Hsfr2                  sfr2         0000
__Hsfr3                  sfr3         0000
__Hsivt                  sivt         0000
__Hspace_0               (abs)        1000
__Hspace_1               (abs)        00D4
__Hspace_2               (abs)        0000
__Hspace_3               (abs)        0000
__Hspace_4               (abs)        4010
__Hstack                 stack        0000
__Hstrings               strings      0000
__Htext                  text         0000
__L__absolute__          __absolute__ 0000
__Labs1                  abs1         0000
__Lbank0                 bank0        0000
__Lbank1                 bank1        0000
__Lbank2                 bank2        0000
__Lbank3                 bank3        0000
__LbssBANK0              bssBANK0     0000
__LbssBANK1              bssBANK1     0000
__Lcinit                 cinit        07DE
__Lclrtext               clrtext      0000
__Lcode                  code         0000
__Lcommon                common       0000
__Lconfig                config       0000
__LcstackBANK0           cstackBANK0  0000
__LcstackCOMMON          cstackCOMMON 0000
__LdataBANK0             dataBANK0    0000
__Leeprom_data           eeprom_data  0000
__Lend_init              end_init     0000
__Lfunctab               functab      0000
__Lheap                  heap         0000
__LidataBANK0            idataBANK0   0000
__Linit                  init         0000
__Linittext              inittext     0000
__Lintentry              intentry     0000
__Lmaintext              maintext     0000
__Lpowerup               powerup      0000
__Lram                   ram          0000
__Lreset_vec             reset_vec    0000
__Lsfr0                  sfr0         0000
__Lsfr1                  sfr1         0000
__Lsfr2                  sfr2         0000
__Lsfr3                  sfr3         0000
__Lsivt                  sivt         0000
__Lspace_0               (abs)        0000
__Lspace_1               (abs)        0000
__Lspace_2               (abs)        0000
__Lspace_3               (abs)        0000
__Lspace_4               (abs)        0000
__Lstack                 stack        0000
__Lstrings               strings      0000
__Ltext                  text         0000
__S0                     (abs)        1000
__S1                     (abs)        00D4
__S3                     (abs)        0000
___aldiv                 text5        025B
___aldiv@counter         cstackBANK0  0028
___aldiv@dividend        cstackBANK0  0024
___aldiv@divisor         cstackBANK0  0020
___aldiv@quotient        cstackBANK0  002A
___aldiv@sign            cstackBANK0  0029
___heap_hi               (abs)        0000
___heap_lo               (abs)        0000
___int_sp                stack        0000
___int_stack_hi          stack        0000
___int_stack_lo          stack        0000
___latbits               (abs)        0002
___lmul                  text4        00E3
___lmul@multiplicand     cstackCOMMON 0074
___lmul@multiplier       cstackCOMMON 0070
___lmul@product          cstackCOMMON 0079
___lwdiv                 text13       00A1
___lwdiv@counter         cstackCOMMON 0076
___lwdiv@dividend        cstackCOMMON 0072
___lwdiv@divisor         cstackCOMMON 0070
___lwdiv@quotient        cstackCOMMON 0074
___lwmod                 text12       0FC8
___lwmod@counter         cstackCOMMON 0074
___lwmod@dividend        cstackCOMMON 0072
___lwmod@divisor         cstackCOMMON 0070
___sp                    stack        0000
___stack_hi              stack        0000
___stack_lo              stack        0000
___stackhi               (abs)        0000
___stacklo               (abs)        0000
__end_of_ADC_init        text20       004C
__end_of_ADC_read        text19       0F9C
__end_of_LCD_Init        text16       0584
__end_of_LCD_Out         text18       063E
__end_of_LCD_Write       text17       01C9
__end_of_LCD_putc        text15       025B
__end_of_LCD_putrs       text14       00A1
__end_of___aldiv         text5        02F4
__end_of___lmul          text4        0129
__end_of___lwdiv         text13       00E3
__end_of___lwmod         text12       1000
__end_of__initialization cinit        07FC
__end_of__stringtab      strings      0013
__end_of_fputc           text10       038E
__end_of_main            maintext     07DE
__end_of_mil             text6        0174
__end_of_porcentaje      text3        0433
__end_of_putch           text11       0F18
__end_of_sprintf         text7        0F4E
__end_of_vfpfcnvrt       text9        0702
__end_of_vfprintf        text8        0F73
__end_of_viewOpt         text1        0FC8
__end_of_volt            text2        04D8
__initialization         cinit        07DE
__pbssBANK0              bssBANK0     004B
__pbssBANK1              bssBANK1     00A0
__pcstackBANK0           cstackBANK0  0020
__pcstackCOMMON          cstackCOMMON 0070
__pdataBANK0             dataBANK0    0062
__pidataBANK0            idataBANK0   0F20
__pmaintext              maintext     0702
__pstrings               strings      0003
__ptext1                 text1        0F9C
__ptext10                text10       02F4
__ptext11                text11       0F17
__ptext12                text12       0FC8
__ptext13                text13       00A1
__ptext14                text14       005F
__ptext15                text15       01C9
__ptext16                text16       04D8
__ptext17                text17       0174
__ptext18                text18       0584
__ptext19                text19       0F73
__ptext2                 text2        0433
__ptext20                text20       003F
__ptext3                 text3        038E
__ptext4                 text4        00E3
__ptext5                 text5        025B
__ptext6                 text6        0129
__ptext7                 text7        0F2B
__ptext8                 text8        0F4E
__ptext9                 text9        063E
__stringbase             strings      0012
__stringtab              strings      0003
_adc_result              bssBANK0     0055
_buffer1                 bssBANK0     0058
_buffer2                 bssBANK1     00CA
_buffer3                 bssBANK1     00C0
_channel                 dataBANK0    0069
_dbuf                    bssBANK1     00A0
_flags                   bssBANK0     0057
_fputc                   text10       02F4
_lcd                     dataBANK0    0062
_main                    maintext     0702
_menu                    dataBANK0    0067
_mil                     text6        0129
_part_dec                bssBANK0     004F
_part_ent                bssBANK0     0051
_porcentaje              text3        038E
_prec                    bssBANK0     004D
_prevRB0                 dataBANK0    006C
_prevRB1                 dataBANK0    006B
_putch                   text11       0F17
_sprintf                 text7        0F2B
_vfpfcnvrt               text9        063E
_vfprintf                text8        0F4E
_viewOpt                 text1        0F9C
_volt                    text2        0433
_voltaje                 bssBANK0     0053
_width                   bssBANK0     004B
btemp                    (abs)        007E
clear_ram0               clrtext      0F18
end_of_initialization    cinit        07FC
fputc@c                  cstackCOMMON 0070
fputc@fp                 cstackCOMMON 0072
init_fetch0              inittext     004C
init_ram0                inittext     0050
intlevel0                functab      0000
intlevel1                functab      0000
intlevel2                functab      0000
intlevel3                functab      0000
intlevel4                functab      0000
intlevel5                functab      0000
mil@buffer               cstackBANK0  0043
porcentaje@buffer        cstackBANK0  0043
reset_vec                reset_vec    0000
sprintf@ap               cstackBANK0  0037
sprintf@f                cstackBANK0  0038
sprintf@fmt              cstackBANK0  0031
sprintf@s                cstackBANK0  0030
start                    init         0000
start_initialization     cinit        07DE
vfpfcnvrt@ap             cstackBANK0  0023
vfpfcnvrt@c              cstackBANK0  002B
vfpfcnvrt@convarg        cstackBANK0  0026
vfpfcnvrt@cp             cstackBANK0  002A
vfpfcnvrt@fmt            cstackBANK0  0022
vfpfcnvrt@fp             cstackBANK0  0020
vfprintf@ap              cstackBANK0  002F
vfprintf@cfmt            cstackCOMMON 007D
vfprintf@fmt             cstackBANK0  002E
vfprintf@fp              cstackBANK0  002C
viewOpt@menuOpt          cstackBANK0  0047
volt@buffer              cstackBANK0  0043
wtemp0                   (abs)        007E


MODULE INFORMATION

Module		Function		Class		Link	Load	Size
C:\Program Files\Microchip\xc8\v3.00\pic\sources\c99\common\nf_fputc.c
		_fputc         		CODE           	02F4	0000	154

C:\Program Files\Microchip\xc8\v3.00\pic\sources\c99\common\nf_fputc.c estimated size: 154

C:\Program Files\Microchip\xc8\v3.00\pic\sources\c99\common\nf_sprintf.c
		_sprintf       		CODE           	0F2B	0000	35

C:\Program Files\Microchip\xc8\v3.00\pic\sources\c99\common\nf_sprintf.c estimated size: 35

C:\Program Files\Microchip\xc8\v3.00\pic\sources\c99\common\lwmod.c
		___lwmod       		CODE           	0FC8	0000	56

C:\Program Files\Microchip\xc8\v3.00\pic\sources\c99\common\lwmod.c estimated size: 56

C:\Program Files\Microchip\xc8\v3.00\pic\sources\c99\common\putch.c
		_putch         		CODE           	0F17	0000	1

C:\Program Files\Microchip\xc8\v3.00\pic\sources\c99\common\putch.c estimated size: 1

C:\Program Files\Microchip\xc8\v3.00\pic\sources\c99\common\Umul32.c
		___lmul        		CODE           	00E3	0000	70

C:\Program Files\Microchip\xc8\v3.00\pic\sources\c99\common\Umul32.c estimated size: 70

shared
		__stringtab    		STRING         	0003	0000	16
		__initialization		CODE           	07DE	0000	30

shared estimated size: 46

lcd.c
		_LCD_Init      		CODE           	04D8	0000	172
		_LCD_Out       		CODE           	0584	0000	186
		_LCD_putc      		CODE           	01C9	0000	146
		_LCD_putrs     		CODE           	005F	0000	66
		_LCD_Write     		CODE           	0174	0000	85

lcd.c estimated size: 655

C:\Program Files\Microchip\xc8\v3.00\pic\sources\c99\common\lwdiv.c
		___lwdiv       		CODE           	00A1	0000	66

C:\Program Files\Microchip\xc8\v3.00\pic\sources\c99\common\lwdiv.c estimated size: 66

main.c
		_viewOpt       		CODE           	0F9C	0000	44
		_porcentaje    		CODE           	038E	0000	165
		_mil           		CODE           	0129	0000	75
		_main          		CODE           	0702	0000	220
		_volt          		CODE           	0433	0000	165
		_ADC_read      		CODE           	0F73	0000	41
		_ADC_init      		CODE           	003F	0000	13

main.c estimated size: 723

C:\Program Files\Microchip\xc8\v3.00\pic\sources\c99\common\aldiv.c
		___aldiv       		CODE           	025B	0000	153

C:\Program Files\Microchip\xc8\v3.00\pic\sources\c99\common\aldiv.c estimated size: 153

C:\Program Files\Microchip\xc8\v3.00\pic\sources\c99\common\doprnt.c
		_vfpfcnvrt     		CODE           	063E	0000	196
		_vfprintf      		CODE           	0F4E	0000	37

C:\Program Files\Microchip\xc8\v3.00\pic\sources\c99\common\doprnt.c estimated size: 233

